2026-09-30T11:07:15.0546665Z Current runner version: '2.337.0'
2026-09-30T11:07:15.0562725Z ##[group]Runner Image Provisioner
2026-09-30T11:07:15.0563265Z Hosted Compute Agent
2026-09-30T11:07:15.0563602Z Version: 20260901.588
2026-09-30T11:07:15.0564006Z Commit: f88ec8081b781fac6c440065ac7ff9e710ce3d0b
2026-09-30T11:07:15.0564420Z Build Date: 2026-09-01T19:56:44Z
2026-09-30T11:07:15.0564834Z Worker ID: {bd0c75e0-45a4-44fd-b7ef-0b7c8da456ad}
2026-09-30T11:07:15.0565281Z Azure Region: westus3
2026-09-30T11:07:15.0565615Z ##[endgroup]
2026-09-30T11:07:15.0566400Z ##[group]Operating System
2026-09-30T11:07:15.0566744Z Ubuntu
2026-09-30T11:07:15.0567066Z 24.04.5
2026-09-30T11:07:15.0567416Z LTS
2026-09-30T11:07:15.0567721Z ##[endgroup]
2026-09-30T11:07:15.0568059Z ##[group]Runner Image
2026-09-30T11:07:15.0568415Z Image: ubuntu-24.04
2026-09-30T11:07:15.0568773Z Version: 20260927.320.1
2026-09-30T11:07:15.0569531Z Included Software: https://github.com/actions/runner-images/blob/ubuntu24/20260927.320/images/ubuntu/Ubuntu2404-Readme.md
2026-09-30T11:07:15.0570374Z Image Release: https://github.com/actions/runner-images/releases/tag/ubuntu24%2F20260927.320
2026-09-30T11:07:15.0570914Z ##[endgroup]
2026-09-30T11:07:15.0572801Z ##[group]GITHUB_TOKEN Permissions
2026-09-30T11:07:15.0574304Z Actions: write
2026-09-30T11:07:15.0574619Z ArtifactMetadata: write
2026-09-30T11:07:15.0575236Z Attestations: write
2026-09-30T11:07:15.0575598Z Checks: write
2026-09-30T11:07:15.0575934Z CodeQuality: write
2026-09-30T11:07:15.0576271Z Contents: write
2026-09-30T11:07:15.0576599Z CopilotRequests: write
2026-09-30T11:07:15.0576992Z Deployments: write
2026-09-30T11:07:15.0577336Z Discussions: write
2026-09-30T11:07:15.0577669Z Drives: write
2026-09-30T11:07:15.0577988Z Issues: write
2026-09-30T11:07:15.0578302Z Metadata: read
2026-09-30T11:07:15.0578689Z Models: read
2026-09-30T11:07:15.0579028Z Packages: write
2026-09-30T11:07:15.0579336Z Pages: write
2026-09-30T11:07:15.0579692Z PullRequests: write
2026-09-30T11:07:15.0580059Z RepositoryProjects: write
2026-09-30T11:07:15.0580439Z SecurityEvents: write
2026-09-30T11:07:15.0580797Z Statuses: write
2026-09-30T11:07:15.0581111Z VulnerabilityAlerts: read
2026-09-30T11:07:15.0581500Z ##[endgroup]
2026-09-30T11:07:15.0582864Z Secret source: Actions
2026-09-30T11:07:15.0583475Z Cache mode: write
2026-09-30T11:07:15.0583868Z Prepare workflow directory
2026-09-30T11:07:15.0769087Z Prepare all required actions
2026-09-30T11:07:15.0798404Z Getting action download info
2026-09-30T11:07:15.4085032Z Download action repository 'actions/checkout@v4' (SHA:11d5960a326750d5838078e36cf38b85af677262)
2026-09-30T11:07:15.5050144Z Download action repository 'actions/setup-java@v4' (SHA:cf277c60eb25467037889841efdb72551f06f6c3)
2026-09-30T11:07:16.3707611Z Download action repository 'android-actions/setup-android@v2' (SHA:7c5672355aaa8fde5f97a91aa9a99616d1ace6bc)
2026-09-30T11:07:16.8697598Z Complete job name: build
2026-09-30T11:07:16.9141670Z ##[group]Run actions/checkout@v4
2026-09-30T11:07:16.9142009Z with:
2026-09-30T11:07:16.9142200Z   path: src
2026-09-30T11:07:16.9142409Z   repository: MrDarkRed/cs
2026-09-30T11:07:16.9144065Z   token: ***
2026-09-30T11:07:16.9144256Z   ssh-strict: true
2026-09-30T11:07:16.9144519Z   ssh-user: git
2026-09-30T11:07:16.9144808Z   persist-credentials: true
2026-09-30T11:07:16.9145117Z   clean: true
2026-09-30T11:07:16.9145413Z   sparse-checkout-cone-mode: true
2026-09-30T11:07:16.9145739Z   fetch-depth: 1
2026-09-30T11:07:16.9145971Z   fetch-tags: false
2026-09-30T11:07:16.9146178Z   show-progress: true
2026-09-30T11:07:16.9146383Z   lfs: false
2026-09-30T11:07:16.9146569Z   submodules: false
2026-09-30T11:07:16.9146771Z   set-safe-directory: true
2026-09-30T11:07:16.9147001Z   allow-unsafe-pr-checkout: false
2026-09-30T11:07:16.9147354Z ##[endgroup]
2026-09-30T11:07:16.9790643Z Syncing repository: MrDarkRed/cs
2026-09-30T11:07:16.9791833Z ##[group]Getting Git version info
2026-09-30T11:07:16.9792389Z Working directory is '/home/runner/work/cs/cs/src'
2026-09-30T11:07:16.9793181Z [command]/usr/bin/git version
2026-09-30T11:07:16.9848746Z git version 2.55.0
2026-09-30T11:07:16.9860766Z ##[endgroup]
2026-09-30T11:07:16.9871701Z Temporarily overriding HOME='/home/runner/work/_temp/84cc4572-a348-41a2-9dbe-51c569f2d5d2' before making global git config changes
2026-09-30T11:07:16.9872653Z Adding repository directory to the temporary git global config as a safe directory
2026-09-30T11:07:16.9875591Z [command]/usr/bin/git config --global --add safe.directory /home/runner/work/cs/cs/src
2026-09-30T11:07:16.9917837Z ##[group]Initializing the repository
2026-09-30T11:07:16.9920767Z [command]/usr/bin/git init /home/runner/work/cs/cs/src
2026-09-30T11:07:17.0026576Z hint: Using 'master' as the name for the initial branch. This default branch name
2026-09-30T11:07:17.0027476Z hint: will change to "main" in Git 3.0. To configure the initial branch name
2026-09-30T11:07:17.0028272Z hint: to use in all of your new repositories, which will suppress this warning,
2026-09-30T11:07:17.0028808Z hint: call:
2026-09-30T11:07:17.0029169Z hint:
2026-09-30T11:07:17.0029680Z hint: 	git config --global init.defaultBranch <name>
2026-09-30T11:07:17.0030211Z hint:
2026-09-30T11:07:17.0030651Z hint: Names commonly chosen instead of 'master' are 'main', 'trunk' and
2026-09-30T11:07:17.0031342Z hint: 'development'. The just-created branch can be renamed via this command:
2026-09-30T11:07:17.0031880Z hint:
2026-09-30T11:07:17.0032309Z hint: 	git branch -m <name>
2026-09-30T11:07:17.0032794Z hint:
2026-09-30T11:07:17.0033250Z hint: Disable this message with "git config set advice.defaultBranchName false"
2026-09-30T11:07:17.0033971Z Initialized empty Git repository in /home/runner/work/cs/cs/src/.git/
2026-09-30T11:07:17.0037003Z [command]/usr/bin/git remote add origin https://github.com/MrDarkRed/cs
2026-09-30T11:07:17.0078265Z ##[endgroup]
2026-09-30T11:07:17.0078972Z ##[group]Disabling automatic garbage collection
2026-09-30T11:07:17.0080706Z [command]/usr/bin/git config --local gc.auto 0
2026-09-30T11:07:17.0106297Z ##[endgroup]
2026-09-30T11:07:17.0106945Z ##[group]Setting up auth
2026-09-30T11:07:17.0111114Z [command]/usr/bin/git config --local --name-only --get-regexp core\.sshCommand
2026-09-30T11:07:17.0136135Z [command]/usr/bin/git submodule foreach --recursive sh -c "git config --local --name-only --get-regexp 'core\.sshCommand' && git config --local --unset-all 'core.sshCommand' || :"
2026-09-30T11:07:17.0428023Z [command]/usr/bin/git config --local --name-only --get-regexp http\.https\:\/\/github\.com\/\.extraheader
2026-09-30T11:07:17.0455152Z [command]/usr/bin/git submodule foreach --recursive sh -c "git config --local --name-only --get-regexp 'http\.https\:\/\/github\.com\/\.extraheader' && git config --local --unset-all 'http.https://github.com/.extraheader' || :"
2026-09-30T11:07:17.0617135Z [command]/usr/bin/git config --local --name-only --get-regexp ^includeIf\.gitdir:
2026-09-30T11:07:17.0643530Z [command]/usr/bin/git submodule foreach --recursive git config --local --show-origin --name-only --get-regexp remote.origin.url
2026-09-30T11:07:17.0804086Z [command]/usr/bin/git config --local http.https://github.com/.extraheader AUTHORIZATION: basic ***
2026-09-30T11:07:17.0835333Z ##[endgroup]
2026-09-30T11:07:17.0835891Z ##[group]Fetching the repository
2026-09-30T11:07:17.0840593Z [command]/usr/bin/git -c protocol.version=2 fetch --no-tags --prune --no-recurse-submodules --depth=1 origin +da37d125b6d6b9eb47fb79398d2f780c4fe4a812:refs/remotes/origin/master
2026-09-30T11:07:18.0041366Z From https://github.com/MrDarkRed/cs
2026-09-30T11:07:18.0041808Z  * [new ref]         da37d125b6d6b9eb47fb79398d2f780c4fe4a812 -> origin/master
2026-09-30T11:07:18.0045011Z ##[endgroup]
2026-09-30T11:07:18.0045576Z ##[group]Determining the checkout info
2026-09-30T11:07:18.0046912Z ##[endgroup]
2026-09-30T11:07:18.0051265Z [command]/usr/bin/git sparse-checkout disable
2026-09-30T11:07:18.0094748Z [command]/usr/bin/git config --local --unset-all extensions.worktreeConfig
2026-09-30T11:07:18.0119284Z ##[group]Checking out the ref
2026-09-30T11:07:18.0137735Z [command]/usr/bin/git checkout --progress --force -B master refs/remotes/origin/master
2026-09-30T11:07:18.0378916Z Reset branch 'master'
2026-09-30T11:07:18.0383846Z branch 'master' set up to track 'origin/master'.
2026-09-30T11:07:18.0388323Z ##[endgroup]
2026-09-30T11:07:18.0420760Z [command]/usr/bin/git log -1 --format=%H
2026-09-30T11:07:18.0440999Z da37d125b6d6b9eb47fb79398d2f780c4fe4a812
2026-09-30T11:07:18.0677469Z ##[group]Run actions/checkout@v4
2026-09-30T11:07:18.0677639Z with:
2026-09-30T11:07:18.0677744Z   ref: builds
2026-09-30T11:07:18.0677850Z   path: builds
2026-09-30T11:07:18.0677963Z   repository: MrDarkRed/cs
2026-09-30T11:07:18.0679216Z   token: ***
2026-09-30T11:07:18.0679323Z   ssh-strict: true
2026-09-30T11:07:18.0679431Z   ssh-user: git
2026-09-30T11:07:18.0679545Z   persist-credentials: true
2026-09-30T11:07:18.0679671Z   clean: true
2026-09-30T11:07:18.0679789Z   sparse-checkout-cone-mode: true
2026-09-30T11:07:18.0679930Z   fetch-depth: 1
2026-09-30T11:07:18.0680037Z   fetch-tags: false
2026-09-30T11:07:18.0680157Z   show-progress: true
2026-09-30T11:07:18.0680270Z   lfs: false
2026-09-30T11:07:18.0680397Z   submodules: false
2026-09-30T11:07:18.0680544Z   set-safe-directory: true
2026-09-30T11:07:18.0680679Z   allow-unsafe-pr-checkout: false
2026-09-30T11:07:18.0680818Z ##[endgroup]
2026-09-30T11:07:18.1171815Z Syncing repository: MrDarkRed/cs
2026-09-30T11:07:18.1174751Z ##[group]Getting Git version info
2026-09-30T11:07:18.1175092Z Working directory is '/home/runner/work/cs/cs/builds'
2026-09-30T11:07:18.1198911Z [command]/usr/bin/git version
2026-09-30T11:07:18.1228429Z git version 2.55.0
2026-09-30T11:07:18.1241151Z ##[endgroup]
2026-09-30T11:07:18.1249712Z Temporarily overriding HOME='/home/runner/work/_temp/6e334b97-e4cd-476d-989c-54f5d80fb496' before making global git config changes
2026-09-30T11:07:18.1250330Z Adding repository directory to the temporary git global config as a safe directory
2026-09-30T11:07:18.1253320Z [command]/usr/bin/git config --global --add safe.directory /home/runner/work/cs/cs/builds
2026-09-30T11:07:18.1281288Z ##[group]Initializing the repository
2026-09-30T11:07:18.1286381Z [command]/usr/bin/git init /home/runner/work/cs/cs/builds
2026-09-30T11:07:18.1362225Z hint: Using 'master' as the name for the initial branch. This default branch name
2026-09-30T11:07:18.1362704Z hint: will change to "main" in Git 3.0. To configure the initial branch name
2026-09-30T11:07:18.1362973Z hint: to use in all of your new repositories, which will suppress this warning,
2026-09-30T11:07:18.1363250Z hint: call:
2026-09-30T11:07:18.1363409Z hint:
2026-09-30T11:07:18.1363631Z hint: 	git config --global init.defaultBranch <name>
2026-09-30T11:07:18.1363898Z hint:
2026-09-30T11:07:18.1364146Z hint: Names commonly chosen instead of 'master' are 'main', 'trunk' and
2026-09-30T11:07:18.1364594Z hint: 'development'. The just-created branch can be renamed via this command:
2026-09-30T11:07:18.1364929Z hint:
2026-09-30T11:07:18.1365189Z hint: 	git branch -m <name>
2026-09-30T11:07:18.1365397Z hint:
2026-09-30T11:07:18.1365708Z hint: Disable this message with "git config set advice.defaultBranchName false"
2026-09-30T11:07:18.1366137Z Initialized empty Git repository in /home/runner/work/cs/cs/builds/.git/
2026-09-30T11:07:18.1370455Z [command]/usr/bin/git remote add origin https://github.com/MrDarkRed/cs
2026-09-30T11:07:18.1397814Z ##[endgroup]
2026-09-30T11:07:18.1398182Z ##[group]Disabling automatic garbage collection
2026-09-30T11:07:18.1400847Z [command]/usr/bin/git config --local gc.auto 0
2026-09-30T11:07:18.1425026Z ##[endgroup]
2026-09-30T11:07:18.1425432Z ##[group]Setting up auth
2026-09-30T11:07:18.1429932Z [command]/usr/bin/git config --local --name-only --get-regexp core\.sshCommand
2026-09-30T11:07:18.1455357Z [command]/usr/bin/git submodule foreach --recursive sh -c "git config --local --name-only --get-regexp 'core\.sshCommand' && git config --local --unset-all 'core.sshCommand' || :"
2026-09-30T11:07:18.1646148Z [command]/usr/bin/git config --local --name-only --get-regexp http\.https\:\/\/github\.com\/\.extraheader
2026-09-30T11:07:18.1674672Z [command]/usr/bin/git submodule foreach --recursive sh -c "git config --local --name-only --get-regexp 'http\.https\:\/\/github\.com\/\.extraheader' && git config --local --unset-all 'http.https://github.com/.extraheader' || :"
2026-09-30T11:07:18.1848801Z [command]/usr/bin/git config --local --name-only --get-regexp ^includeIf\.gitdir:
2026-09-30T11:07:18.1876704Z [command]/usr/bin/git submodule foreach --recursive git config --local --show-origin --name-only --get-regexp remote.origin.url
2026-09-30T11:07:18.2048731Z [command]/usr/bin/git config --local http.https://github.com/.extraheader AUTHORIZATION: basic ***
2026-09-30T11:07:18.2080602Z ##[endgroup]
2026-09-30T11:07:18.2080944Z ##[group]Fetching the repository
2026-09-30T11:07:18.2087094Z [command]/usr/bin/git -c protocol.version=2 fetch --no-tags --prune --no-recurse-submodules --depth=1 origin +refs/heads/builds*:refs/remotes/origin/builds* +refs/tags/builds*:refs/tags/builds*
2026-09-30T11:07:18.7545271Z From https://github.com/MrDarkRed/cs
2026-09-30T11:07:18.7545547Z  * [new branch]      builds     -> origin/builds
2026-09-30T11:07:18.7552371Z ##[endgroup]
2026-09-30T11:07:18.7552753Z ##[group]Determining the checkout info
2026-09-30T11:07:18.7556280Z [command]/usr/bin/git branch --list --remote origin/builds
2026-09-30T11:07:18.7578102Z   origin/builds
2026-09-30T11:07:18.7581698Z ##[endgroup]
2026-09-30T11:07:18.7585444Z [command]/usr/bin/git sparse-checkout disable
2026-09-30T11:07:18.7858074Z [command]/usr/bin/git config --local --unset-all extensions.worktreeConfig
2026-09-30T11:07:18.7914990Z ##[group]Checking out the ref
2026-09-30T11:07:18.7917314Z [command]/usr/bin/git checkout --progress --force -B builds refs/remotes/origin/builds
2026-09-30T11:07:18.7950186Z Switched to a new branch 'builds'
2026-09-30T11:07:18.7951918Z branch 'builds' set up to track 'origin/builds'.
2026-09-30T11:07:18.7955852Z ##[endgroup]
2026-09-30T11:07:18.7982720Z [command]/usr/bin/git log -1 --format=%H
2026-09-30T11:07:18.8003633Z a89531e6f597283312aa5f5c9cfdc7752fb2cd1b
2026-09-30T11:07:18.8105686Z ##[group]Run rm $GITHUB_WORKSPACE/builds/*.cs3 || true
2026-09-30T11:07:18.8105910Z [36;1mrm $GITHUB_WORKSPACE/builds/*.cs3 || true[0m
2026-09-30T11:07:18.8317992Z shell: /usr/bin/bash -e {0}
2026-09-30T11:07:18.8318141Z ##[endgroup]
2026-09-30T11:07:18.8395777Z rm: cannot remove '/home/runner/work/cs/cs/builds/*.cs3': No such file or directory
2026-09-30T11:07:18.8461126Z ##[group]Run actions/setup-java@v4
2026-09-30T11:07:18.8461268Z with:
2026-09-30T11:07:18.8461376Z   distribution: temurin
2026-09-30T11:07:18.8461495Z   java-version: 11
2026-09-30T11:07:18.8461604Z   java-package: jdk
2026-09-30T11:07:18.8461717Z   check-latest: false
2026-09-30T11:07:18.8461827Z   server-id: github
2026-09-30T11:07:18.8461943Z   server-username: GITHUB_ACTOR
2026-09-30T11:07:18.8462077Z   server-password: GITHUB_TOKEN
2026-09-30T11:07:18.8462213Z   overwrite-settings: true
2026-09-30T11:07:18.8462337Z   job-status: success
2026-09-30T11:07:18.8463709Z   token: ***
2026-09-30T11:07:18.8463821Z ##[endgroup]
2026-09-30T11:07:18.9415634Z ##[warning]setup-java v4 is deprecated and will no longer receive updates. Please migrate to actions/setup-java@v5.
2026-09-30T11:07:18.9420392Z ##[group]Installed distributions
2026-09-30T11:07:18.9443908Z Resolved Java 11.0.32+1 from tool-cache
2026-09-30T11:07:18.9444241Z Setting Java 11.0.32+1 as the default
2026-09-30T11:07:18.9449794Z (node:2203) [DEP0040] DeprecationWarning: The `punycode` module is deprecated. Please use a userland alternative instead.
2026-09-30T11:07:18.9450391Z (Use `node --trace-deprecation ...` to show where the warning was created)
2026-09-30T11:07:18.9451875Z Creating toolchains.xml for JDK version 11 from temurin
2026-09-30T11:07:18.9492968Z Writing to /home/runner/.m2/toolchains.xml
2026-09-30T11:07:18.9493341Z 
2026-09-30T11:07:18.9493504Z Java configuration:
2026-09-30T11:07:18.9493684Z   Distribution: temurin
2026-09-30T11:07:18.9493892Z   Version: 11.0.32+1
2026-09-30T11:07:18.9494395Z   Path: /opt/hostedtoolcache/Java_Temurin-Hotspot_jdk/11.0.32-1/x64
2026-09-30T11:07:18.9496245Z 
2026-09-30T11:07:18.9496561Z ##[endgroup]
2026-09-30T11:07:18.9510034Z Creating settings.xml with server-id: github
2026-09-30T11:07:18.9525541Z Writing to /home/runner/.m2/settings.xml
2026-09-30T11:07:18.9648759Z ##[group]Run android-actions/setup-android@v2
2026-09-30T11:07:18.9649028Z env:
2026-09-30T11:07:18.9649282Z   JAVA_HOME: /opt/hostedtoolcache/Java_Temurin-Hotspot_jdk/11.0.32-1/x64
2026-09-30T11:07:18.9649702Z   JAVA_HOME_11_X64: /opt/hostedtoolcache/Java_Temurin-Hotspot_jdk/11.0.32-1/x64
2026-09-30T11:07:18.9650034Z ##[endgroup]
2026-09-30T11:07:19.0279614Z [command]/usr/local/lib/android/sdk/cmdline-tools/latest/bin/sdkmanager cmdline-tools;7.0
2026-09-30T11:07:20.5292215Z Error: LinkageError occurred while loading main class com.android.sdklib.tool.sdkmanager.SdkManagerCli
2026-09-30T11:07:20.5293445Z 	java.lang.UnsupportedClassVersionError: com/android/sdklib/tool/sdkmanager/SdkManagerCli has been compiled by a more recent version of the Java Runtime (class file version 61.0), this version of the Java Runtime only recognizes class file versions up to 55.0
2026-09-30T11:07:20.5413378Z /home/runner/work/_actions/android-actions/setup-android/v2/dist/index.js:2348
2026-09-30T11:07:20.5414042Z                 error = new Error(`The process '${this.toolPath}' failed with exit code ${this.processExitCode}`);
2026-09-30T11:07:20.5414428Z                         ^
2026-09-30T11:07:20.5414546Z 
2026-09-30T11:07:20.5414851Z Error: The process '/usr/local/lib/android/sdk/cmdline-tools/latest/bin/sdkmanager' failed with exit code 1
2026-09-30T11:07:20.5415385Z     at ExecState._setResult (/home/runner/work/_actions/android-actions/setup-android/v2/dist/index.js:2348:25)
2026-09-30T11:07:20.5415761Z     at ExecState.CheckComplete (/home/runner/work/_actions/android-actions/setup-android/v2/dist/index.js:2331:18)
2026-09-30T11:07:20.5416180Z     at ChildProcess.<anonymous> (/home/runner/work/_actions/android-actions/setup-android/v2/dist/index.js:2225:27)
2026-09-30T11:07:20.5416472Z     at ChildProcess.emit (node:events:509:28)
2026-09-30T11:07:20.5416653Z     at maybeClose (node:internal/child_process:1141:16)
2026-09-30T11:07:20.5416867Z     at ChildProcess._handle.onexit (node:internal/child_process:306:5)
2026-09-30T11:07:20.5417010Z 
2026-09-30T11:07:20.5417057Z Node.js v24.19.0
2026-09-30T11:07:20.5534215Z Post job cleanup.
2026-09-30T11:07:20.6332744Z (node:2256) [DEP0040] DeprecationWarning: The `punycode` module is deprecated. Please use a userland alternative instead.
2026-09-30T11:07:20.6333138Z (Use `node --trace-deprecation ...` to show where the warning was created)
2026-09-30T11:07:20.6454012Z Post job cleanup.
2026-09-30T11:07:20.6984358Z [command]/usr/bin/git version
2026-09-30T11:07:20.7004921Z git version 2.55.0
2026-09-30T11:07:20.7028226Z Temporarily overriding HOME='/home/runner/work/_temp/f511f5f9-4629-4526-814c-f95d33030d74' before making global git config changes
2026-09-30T11:07:20.7032880Z Adding repository directory to the temporary git global config as a safe directory
2026-09-30T11:07:20.7033357Z [command]/usr/bin/git config --global --add safe.directory /home/runner/work/cs/cs/builds
2026-09-30T11:07:20.7061973Z [command]/usr/bin/git config --local --name-only --get-regexp core\.sshCommand
2026-09-30T11:07:20.7086820Z [command]/usr/bin/git submodule foreach --recursive sh -c "git config --local --name-only --get-regexp 'core\.sshCommand' && git config --local --unset-all 'core.sshCommand' || :"
2026-09-30T11:07:20.7277762Z [command]/usr/bin/git config --local --name-only --get-regexp http\.https\:\/\/github\.com\/\.extraheader
2026-09-30T11:07:20.7304057Z http.https://github.com/.extraheader
2026-09-30T11:07:20.7314265Z [command]/usr/bin/git config --local --unset-all http.https://github.com/.extraheader
2026-09-30T11:07:20.7341806Z [command]/usr/bin/git submodule foreach --recursive sh -c "git config --local --name-only --get-regexp 'http\.https\:\/\/github\.com\/\.extraheader' && git config --local --unset-all 'http.https://github.com/.extraheader' || :"
2026-09-30T11:07:20.7573624Z [command]/usr/bin/git config --local --name-only --get-regexp ^includeIf\.gitdir:
2026-09-30T11:07:20.7575875Z [command]/usr/bin/git submodule foreach --recursive git config --local --show-origin --name-only --get-regexp remote.origin.url
2026-09-30T11:07:20.7865948Z Post job cleanup.
2026-09-30T11:07:20.8348222Z [command]/usr/bin/git version
2026-09-30T11:07:20.8379171Z git version 2.55.0
2026-09-30T11:07:20.8407972Z Temporarily overriding HOME='/home/runner/work/_temp/e1cc683d-4248-48e9-af6c-a995ea516e1f' before making global git config changes
2026-09-30T11:07:20.8408655Z Adding repository directory to the temporary git global config as a safe directory
2026-09-30T11:07:20.8410039Z [command]/usr/bin/git config --global --add safe.directory /home/runner/work/cs/cs/src
2026-09-30T11:07:20.8435967Z [command]/usr/bin/git config --local --name-only --get-regexp core\.sshCommand
2026-09-30T11:07:20.8460266Z [command]/usr/bin/git submodule foreach --recursive sh -c "git config --local --name-only --get-regexp 'core\.sshCommand' && git config --local --unset-all 'core.sshCommand' || :"
2026-09-30T11:07:20.8650554Z [command]/usr/bin/git config --local --name-only --get-regexp http\.https\:\/\/github\.com\/\.extraheader
2026-09-30T11:07:20.8669630Z http.https://github.com/.extraheader
2026-09-30T11:07:20.8683827Z [command]/usr/bin/git config --local --unset-all http.https://github.com/.extraheader
2026-09-30T11:07:20.8707349Z [command]/usr/bin/git submodule foreach --recursive sh -c "git config --local --name-only --get-regexp 'http\.https\:\/\/github\.com\/\.extraheader' && git config --local --unset-all 'http.https://github.com/.extraheader' || :"
2026-09-30T11:07:20.8886828Z [command]/usr/bin/git config --local --name-only --get-regexp ^includeIf\.gitdir:
2026-09-30T11:07:20.8916899Z [command]/usr/bin/git submodule foreach --recursive git config --local --show-origin --name-only --get-regexp remote.origin.url
2026-09-30T11:07:20.9179436Z Cleaning up orphan processes
2026-09-30T11:07:20.9357675Z ##[warning]Node.js 20 is deprecated. The following actions target Node.js 20 but are being forced to run on Node.js 24: actions/checkout@v4, actions/setup-java@v4, android-actions/setup-android@v2. For more information see: https://github.blog/changelog/2025-09-19-deprecation-of-node-20-on-github-actions-runners/
