2026-09-30T11:21:52.4628834Z Current runner version: '2.337.0'
2026-09-30T11:21:52.4652916Z ##[group]Runner Image Provisioner
2026-09-30T11:21:52.4653922Z Hosted Compute Agent
2026-09-30T11:21:52.4654575Z Version: 20260828.587
2026-09-30T11:21:52.4655233Z Commit: abac92662cab4cc7352de4f9f9d2e2419aad9c29
2026-09-30T11:21:52.4656000Z Build Date: 2026-08-28T16:44:25Z
2026-09-30T11:21:52.4656741Z Worker ID: {6a459d83-0f77-4a53-bb6b-3d79af756010}
2026-09-30T11:21:52.4657504Z Azure Region: northcentralus
2026-09-30T11:21:52.4658534Z ##[endgroup]
2026-09-30T11:21:52.4660377Z ##[group]Operating System
2026-09-30T11:21:52.4661041Z Ubuntu
2026-09-30T11:21:52.4661650Z 24.04.5
2026-09-30T11:21:52.4662229Z LTS
2026-09-30T11:21:52.4662745Z ##[endgroup]
2026-09-30T11:21:52.4663369Z ##[group]Runner Image
2026-09-30T11:21:52.4664097Z Image: ubuntu-24.04
2026-09-30T11:21:52.4664752Z Version: 20260920.314.1
2026-09-30T11:21:52.4665958Z Included Software: https://github.com/actions/runner-images/blob/ubuntu24/20260920.314/images/ubuntu/Ubuntu2404-Readme.md
2026-09-30T11:21:52.4667606Z Image Release: https://github.com/actions/runner-images/releases/tag/ubuntu24%2F20260920.314
2026-09-30T11:21:52.4668965Z ##[endgroup]
2026-09-30T11:21:52.4672217Z ##[group]GITHUB_TOKEN Permissions
2026-09-30T11:21:52.4674672Z Actions: write
2026-09-30T11:21:52.4675727Z ArtifactMetadata: write
2026-09-30T11:21:52.4676351Z Attestations: write
2026-09-30T11:21:52.4676909Z Checks: write
2026-09-30T11:21:52.4677529Z CodeQuality: write
2026-09-30T11:21:52.4678348Z Contents: write
2026-09-30T11:21:52.4679011Z CopilotRequests: write
2026-09-30T11:21:52.4679622Z Deployments: write
2026-09-30T11:21:52.4680168Z Discussions: write
2026-09-30T11:21:52.4680784Z Drives: write
2026-09-30T11:21:52.4681321Z Issues: write
2026-09-30T11:21:52.4681912Z Metadata: read
2026-09-30T11:21:52.4682569Z Models: read
2026-09-30T11:21:52.4683112Z Packages: write
2026-09-30T11:21:52.4683780Z Pages: write
2026-09-30T11:21:52.4684331Z PullRequests: write
2026-09-30T11:21:52.4684985Z RepositoryProjects: write
2026-09-30T11:21:52.4685627Z SecurityEvents: write
2026-09-30T11:21:52.4686194Z Statuses: write
2026-09-30T11:21:52.4686797Z VulnerabilityAlerts: read
2026-09-30T11:21:52.4687423Z ##[endgroup]
2026-09-30T11:21:52.4689601Z Secret source: Actions
2026-09-30T11:21:52.4690681Z Cache mode: write
2026-09-30T11:21:52.4691587Z Prepare workflow directory
2026-09-30T11:21:52.5144428Z Prepare all required actions
2026-09-30T11:21:52.5214706Z Getting action download info
2026-09-30T11:21:52.7605344Z Download action repository 'actions/checkout@v4' (SHA:11d5960a326750d5838078e36cf38b85af677262)
2026-09-30T11:21:52.8450489Z Download action repository 'actions/setup-java@v4' (SHA:cf277c60eb25467037889841efdb72551f06f6c3)
2026-09-30T11:21:53.4019942Z Complete job name: build
2026-09-30T11:21:53.4800584Z ##[group]Run actions/checkout@v4
2026-09-30T11:21:53.4801478Z with:
2026-09-30T11:21:53.4801909Z   path: src
2026-09-30T11:21:53.4802370Z   repository: MrDarkRed/cs
2026-09-30T11:21:53.4806060Z   token: ***
2026-09-30T11:21:53.4806498Z   ssh-strict: true
2026-09-30T11:21:53.4806924Z   ssh-user: git
2026-09-30T11:21:53.4807356Z   persist-credentials: true
2026-09-30T11:21:53.4808308Z   clean: true
2026-09-30T11:21:53.4808776Z   sparse-checkout-cone-mode: true
2026-09-30T11:21:53.4809291Z   fetch-depth: 1
2026-09-30T11:21:53.4809707Z   fetch-tags: false
2026-09-30T11:21:53.4810140Z   show-progress: true
2026-09-30T11:21:53.4810568Z   lfs: false
2026-09-30T11:21:53.4810972Z   submodules: false
2026-09-30T11:21:53.4811416Z   set-safe-directory: true
2026-09-30T11:21:53.4811913Z   allow-unsafe-pr-checkout: false
2026-09-30T11:21:53.4812882Z ##[endgroup]
2026-09-30T11:21:53.5796840Z Syncing repository: MrDarkRed/cs
2026-09-30T11:21:53.5799019Z ##[group]Getting Git version info
2026-09-30T11:21:53.5799788Z Working directory is '/home/runner/work/cs/cs/src'
2026-09-30T11:21:53.5800765Z [command]/usr/bin/git version
2026-09-30T11:21:53.5873909Z git version 2.55.0
2026-09-30T11:21:53.5910771Z ##[endgroup]
2026-09-30T11:21:53.5919188Z Temporarily overriding HOME='/home/runner/work/_temp/060c7de4-7ba7-4aba-b08d-3e168455e3bb' before making global git config changes
2026-09-30T11:21:53.5922549Z Adding repository directory to the temporary git global config as a safe directory
2026-09-30T11:21:53.5924998Z [command]/usr/bin/git config --global --add safe.directory /home/runner/work/cs/cs/src
2026-09-30T11:21:53.5970833Z ##[group]Initializing the repository
2026-09-30T11:21:53.5977066Z [command]/usr/bin/git init /home/runner/work/cs/cs/src
2026-09-30T11:21:53.6066719Z hint: Using 'master' as the name for the initial branch. This default branch name
2026-09-30T11:21:53.6068769Z hint: will change to "main" in Git 3.0. To configure the initial branch name
2026-09-30T11:21:53.6069897Z hint: to use in all of your new repositories, which will suppress this warning,
2026-09-30T11:21:53.6070732Z hint: call:
2026-09-30T11:21:53.6071225Z hint:
2026-09-30T11:21:53.6071817Z hint: 	git config --global init.defaultBranch <name>
2026-09-30T11:21:53.6072498Z hint:
2026-09-30T11:21:53.6073143Z hint: Names commonly chosen instead of 'master' are 'main', 'trunk' and
2026-09-30T11:21:53.6074164Z hint: 'development'. The just-created branch can be renamed via this command:
2026-09-30T11:21:53.6074962Z hint:
2026-09-30T11:21:53.6075465Z hint: 	git branch -m <name>
2026-09-30T11:21:53.6076004Z hint:
2026-09-30T11:21:53.6076675Z hint: Disable this message with "git config set advice.defaultBranchName false"
2026-09-30T11:21:53.6082605Z Initialized empty Git repository in /home/runner/work/cs/cs/src/.git/
2026-09-30T11:21:53.6093541Z [command]/usr/bin/git remote add origin https://github.com/MrDarkRed/cs
2026-09-30T11:21:53.6142822Z ##[endgroup]
2026-09-30T11:21:53.6144314Z ##[group]Disabling automatic garbage collection
2026-09-30T11:21:53.6146904Z [command]/usr/bin/git config --local gc.auto 0
2026-09-30T11:21:53.6181912Z ##[endgroup]
2026-09-30T11:21:53.6183525Z ##[group]Setting up auth
2026-09-30T11:21:53.6190551Z [command]/usr/bin/git config --local --name-only --get-regexp core\.sshCommand
2026-09-30T11:21:53.6225608Z [command]/usr/bin/git submodule foreach --recursive sh -c "git config --local --name-only --get-regexp 'core\.sshCommand' && git config --local --unset-all 'core.sshCommand' || :"
2026-09-30T11:21:53.6577041Z [command]/usr/bin/git config --local --name-only --get-regexp http\.https\:\/\/github\.com\/\.extraheader
2026-09-30T11:21:53.6617166Z [command]/usr/bin/git submodule foreach --recursive sh -c "git config --local --name-only --get-regexp 'http\.https\:\/\/github\.com\/\.extraheader' && git config --local --unset-all 'http.https://github.com/.extraheader' || :"
2026-09-30T11:21:53.6846929Z [command]/usr/bin/git config --local --name-only --get-regexp ^includeIf\.gitdir:
2026-09-30T11:21:53.6884149Z [command]/usr/bin/git submodule foreach --recursive git config --local --show-origin --name-only --get-regexp remote.origin.url
2026-09-30T11:21:53.7106696Z [command]/usr/bin/git config --local http.https://github.com/.extraheader AUTHORIZATION: basic ***
2026-09-30T11:21:53.7147216Z ##[endgroup]
2026-09-30T11:21:53.7148953Z ##[group]Fetching the repository
2026-09-30T11:21:53.7158956Z [command]/usr/bin/git -c protocol.version=2 fetch --no-tags --prune --no-recurse-submodules --depth=1 origin +ca07f8745ba26ce2cafdca7da4a99c99b0d40c49:refs/remotes/origin/master
2026-09-30T11:21:54.1898504Z From https://github.com/MrDarkRed/cs
2026-09-30T11:21:54.1900826Z  * [new ref]         ca07f8745ba26ce2cafdca7da4a99c99b0d40c49 -> origin/master
2026-09-30T11:21:54.1904236Z ##[endgroup]
2026-09-30T11:21:54.1906424Z ##[group]Determining the checkout info
2026-09-30T11:21:54.1908121Z ##[endgroup]
2026-09-30T11:21:54.1913390Z [command]/usr/bin/git sparse-checkout disable
2026-09-30T11:21:54.1964525Z [command]/usr/bin/git config --local --unset-all extensions.worktreeConfig
2026-09-30T11:21:54.1997457Z ##[group]Checking out the ref
2026-09-30T11:21:54.2011214Z [command]/usr/bin/git checkout --progress --force -B master refs/remotes/origin/master
2026-09-30T11:21:54.2369515Z Reset branch 'master'
2026-09-30T11:21:54.2375431Z branch 'master' set up to track 'origin/master'.
2026-09-30T11:21:54.2383467Z ##[endgroup]
2026-09-30T11:21:54.2423096Z [command]/usr/bin/git log -1 --format=%H
2026-09-30T11:21:54.2449687Z ca07f8745ba26ce2cafdca7da4a99c99b0d40c49
2026-09-30T11:21:54.2916617Z ##[group]Run actions/checkout@v4
2026-09-30T11:21:54.2917993Z with:
2026-09-30T11:21:54.2918755Z   ref: builds
2026-09-30T11:21:54.2919552Z   path: builds
2026-09-30T11:21:54.2920386Z   repository: MrDarkRed/cs
2026-09-30T11:21:54.2930075Z   token: ***
2026-09-30T11:21:54.2930881Z   ssh-strict: true
2026-09-30T11:21:54.2931713Z   ssh-user: git
2026-09-30T11:21:54.2932557Z   persist-credentials: true
2026-09-30T11:21:54.2933533Z   clean: true
2026-09-30T11:21:54.2934376Z   sparse-checkout-cone-mode: true
2026-09-30T11:21:54.2935419Z   fetch-depth: 1
2026-09-30T11:21:54.2936251Z   fetch-tags: false
2026-09-30T11:21:54.2937102Z   show-progress: true
2026-09-30T11:21:54.2938093Z   lfs: false
2026-09-30T11:21:54.2938905Z   submodules: false
2026-09-30T11:21:54.2939865Z   set-safe-directory: true
2026-09-30T11:21:54.2940878Z   allow-unsafe-pr-checkout: false
2026-09-30T11:21:54.2941926Z ##[endgroup]
2026-09-30T11:21:54.3809661Z Syncing repository: MrDarkRed/cs
2026-09-30T11:21:54.3812369Z ##[group]Getting Git version info
2026-09-30T11:21:54.3814291Z Working directory is '/home/runner/work/cs/cs/builds'
2026-09-30T11:21:54.3843767Z [command]/usr/bin/git version
2026-09-30T11:21:54.3885021Z git version 2.55.0
2026-09-30T11:21:54.3907330Z ##[endgroup]
2026-09-30T11:21:54.3921408Z Temporarily overriding HOME='/home/runner/work/_temp/78971bd9-026c-46b0-abf7-6c32db795eed' before making global git config changes
2026-09-30T11:21:54.3926741Z Adding repository directory to the temporary git global config as a safe directory
2026-09-30T11:21:54.3931137Z [command]/usr/bin/git config --global --add safe.directory /home/runner/work/cs/cs/builds
2026-09-30T11:21:54.3958774Z ##[group]Initializing the repository
2026-09-30T11:21:54.3961909Z [command]/usr/bin/git init /home/runner/work/cs/cs/builds
2026-09-30T11:21:54.4005350Z hint: Using 'master' as the name for the initial branch. This default branch name
2026-09-30T11:21:54.4009737Z hint: will change to "main" in Git 3.0. To configure the initial branch name
2026-09-30T11:21:54.4013498Z hint: to use in all of your new repositories, which will suppress this warning,
2026-09-30T11:21:54.4016408Z hint: call:
2026-09-30T11:21:54.4018170Z hint:
2026-09-30T11:21:54.4020016Z hint: 	git config --global init.defaultBranch <name>
2026-09-30T11:21:54.4022320Z hint:
2026-09-30T11:21:54.4024103Z hint: Names commonly chosen instead of 'master' are 'main', 'trunk' and
2026-09-30T11:21:54.4026637Z hint: 'development'. The just-created branch can be renamed via this command:
2026-09-30T11:21:54.4029408Z hint:
2026-09-30T11:21:54.4030675Z hint: 	git branch -m <name>
2026-09-30T11:21:54.4032336Z hint:
2026-09-30T11:21:54.4034508Z hint: Disable this message with "git config set advice.defaultBranchName false"
2026-09-30T11:21:54.4038216Z Initialized empty Git repository in /home/runner/work/cs/cs/builds/.git/
2026-09-30T11:21:54.4043534Z [command]/usr/bin/git remote add origin https://github.com/MrDarkRed/cs
2026-09-30T11:21:54.4059490Z ##[endgroup]
2026-09-30T11:21:54.4061784Z ##[group]Disabling automatic garbage collection
2026-09-30T11:21:54.4063396Z [command]/usr/bin/git config --local gc.auto 0
2026-09-30T11:21:54.4096088Z ##[endgroup]
2026-09-30T11:21:54.4098180Z ##[group]Setting up auth
2026-09-30T11:21:54.4102665Z [command]/usr/bin/git config --local --name-only --get-regexp core\.sshCommand
2026-09-30T11:21:54.4142624Z [command]/usr/bin/git submodule foreach --recursive sh -c "git config --local --name-only --get-regexp 'core\.sshCommand' && git config --local --unset-all 'core.sshCommand' || :"
2026-09-30T11:21:54.4423194Z [command]/usr/bin/git config --local --name-only --get-regexp http\.https\:\/\/github\.com\/\.extraheader
2026-09-30T11:21:54.4462728Z [command]/usr/bin/git submodule foreach --recursive sh -c "git config --local --name-only --get-regexp 'http\.https\:\/\/github\.com\/\.extraheader' && git config --local --unset-all 'http.https://github.com/.extraheader' || :"
2026-09-30T11:21:54.4761358Z [command]/usr/bin/git config --local --name-only --get-regexp ^includeIf\.gitdir:
2026-09-30T11:21:54.4812872Z [command]/usr/bin/git submodule foreach --recursive git config --local --show-origin --name-only --get-regexp remote.origin.url
2026-09-30T11:21:54.5103572Z [command]/usr/bin/git config --local http.https://github.com/.extraheader AUTHORIZATION: basic ***
2026-09-30T11:21:54.5145338Z ##[endgroup]
2026-09-30T11:21:54.5148870Z ##[group]Fetching the repository
2026-09-30T11:21:54.5161481Z [command]/usr/bin/git -c protocol.version=2 fetch --no-tags --prune --no-recurse-submodules --depth=1 origin +refs/heads/builds*:refs/remotes/origin/builds* +refs/tags/builds*:refs/tags/builds*
2026-09-30T11:21:54.9108565Z From https://github.com/MrDarkRed/cs
2026-09-30T11:21:54.9110201Z  * [new branch]      builds     -> origin/builds
2026-09-30T11:21:54.9115762Z ##[endgroup]
2026-09-30T11:21:54.9117424Z ##[group]Determining the checkout info
2026-09-30T11:21:54.9124189Z [command]/usr/bin/git branch --list --remote origin/builds
2026-09-30T11:21:54.9152305Z   origin/builds
2026-09-30T11:21:54.9158727Z ##[endgroup]
2026-09-30T11:21:54.9163396Z [command]/usr/bin/git sparse-checkout disable
2026-09-30T11:21:54.9209895Z [command]/usr/bin/git config --local --unset-all extensions.worktreeConfig
2026-09-30T11:21:54.9246623Z ##[group]Checking out the ref
2026-09-30T11:21:54.9251654Z [command]/usr/bin/git checkout --progress --force -B builds refs/remotes/origin/builds
2026-09-30T11:21:54.9301531Z Switched to a new branch 'builds'
2026-09-30T11:21:54.9304376Z branch 'builds' set up to track 'origin/builds'.
2026-09-30T11:21:54.9309433Z ##[endgroup]
2026-09-30T11:21:54.9349257Z [command]/usr/bin/git log -1 --format=%H
2026-09-30T11:21:54.9377192Z a89531e6f597283312aa5f5c9cfdc7752fb2cd1b
2026-09-30T11:21:54.9518757Z ##[group]Run rm -f $GITHUB_WORKSPACE/builds/*.cs3 || true
2026-09-30T11:21:54.9519536Z [36;1mrm -f $GITHUB_WORKSPACE/builds/*.cs3 || true[0m
2026-09-30T11:21:54.9757976Z shell: /usr/bin/bash -e {0}
2026-09-30T11:21:54.9758497Z ##[endgroup]
2026-09-30T11:21:55.0000419Z ##[group]Run actions/setup-java@v4
2026-09-30T11:21:55.0000900Z with:
2026-09-30T11:21:55.0001270Z   distribution: temurin
2026-09-30T11:21:55.0001670Z   java-version: 17
2026-09-30T11:21:55.0002054Z   java-package: jdk
2026-09-30T11:21:55.0002432Z   check-latest: false
2026-09-30T11:21:55.0002819Z   server-id: github
2026-09-30T11:21:55.0003217Z   server-username: GITHUB_ACTOR
2026-09-30T11:21:55.0003655Z   server-password: GITHUB_TOKEN
2026-09-30T11:21:55.0004095Z   overwrite-settings: true
2026-09-30T11:21:55.0004498Z   job-status: success
2026-09-30T11:21:55.0007295Z   token: ***
2026-09-30T11:21:55.0007949Z ##[endgroup]
2026-09-30T11:21:55.1626612Z ##[warning]setup-java v4 is deprecated and will no longer receive updates. Please migrate to actions/setup-java@v5.
2026-09-30T11:21:55.1634413Z ##[group]Installed distributions
2026-09-30T11:21:55.1671158Z Resolved Java 17.0.20+1 from tool-cache
2026-09-30T11:21:55.1672077Z Setting Java 17.0.20+1 as the default
2026-09-30T11:21:55.1681937Z (node:2526) [DEP0040] DeprecationWarning: The `punycode` module is deprecated. Please use a userland alternative instead.
2026-09-30T11:21:55.1682938Z (Use `node --trace-deprecation ...` to show where the warning was created)
2026-09-30T11:21:55.1685747Z Creating toolchains.xml for JDK version 17 from temurin
2026-09-30T11:21:55.1761389Z Writing to /home/runner/.m2/toolchains.xml
2026-09-30T11:21:55.1761993Z 
2026-09-30T11:21:55.1762312Z Java configuration:
2026-09-30T11:21:55.1763015Z   Distribution: temurin
2026-09-30T11:21:55.1763725Z   Version: 17.0.20+1
2026-09-30T11:21:55.1764627Z   Path: /opt/hostedtoolcache/Java_Temurin-Hotspot_jdk/17.0.20-1/x64
2026-09-30T11:21:55.1765320Z 
2026-09-30T11:21:55.1766105Z ##[endgroup]
2026-09-30T11:21:55.1779178Z Creating settings.xml with server-id: github
2026-09-30T11:21:55.1808327Z Writing to /home/runner/.m2/settings.xml
2026-09-30T11:21:55.1972173Z ##[group]Run echo "ANDROID_HOME=/usr/local/lib/android/sdk" >> $GITHUB_ENV
2026-09-30T11:21:55.1973464Z [36;1mecho "ANDROID_HOME=/usr/local/lib/android/sdk" >> $GITHUB_ENV[0m
2026-09-30T11:21:55.1974672Z [36;1mecho "ANDROID_SDK_ROOT=/usr/local/lib/android/sdk" >> $GITHUB_ENV[0m
2026-09-30T11:21:55.2058611Z shell: /usr/bin/bash -e {0}
2026-09-30T11:21:55.2059357Z env:
2026-09-30T11:21:55.2060221Z   JAVA_HOME: /opt/hostedtoolcache/Java_Temurin-Hotspot_jdk/17.0.20-1/x64
2026-09-30T11:21:55.2061498Z   JAVA_HOME_17_X64: /opt/hostedtoolcache/Java_Temurin-Hotspot_jdk/17.0.20-1/x64
2026-09-30T11:21:55.2062532Z ##[endgroup]
2026-09-30T11:21:55.2245299Z ##[group]Run cd $GITHUB_WORKSPACE/src
2026-09-30T11:21:55.2246236Z [36;1mcd $GITHUB_WORKSPACE/src[0m
2026-09-30T11:21:55.2247044Z [36;1mchmod +x gradlew[0m
2026-09-30T11:21:55.2248061Z [36;1m./gradlew make makePluginsJson --no-daemon[0m
2026-09-30T11:21:55.2249141Z [36;1mcp **/build/*.cs3 $GITHUB_WORKSPACE/builds 2>/dev/null || true[0m
2026-09-30T11:21:55.2250672Z [36;1mcp build/plugins.json $GITHUB_WORKSPACE/builds 2>/dev/null || cp plugins.json $GITHUB_WORKSPACE/builds 2>/dev/null || true[0m
2026-09-30T11:21:55.2316408Z shell: /usr/bin/bash -e {0}
2026-09-30T11:21:55.2316860Z env:
2026-09-30T11:21:55.2317388Z   JAVA_HOME: /opt/hostedtoolcache/Java_Temurin-Hotspot_jdk/17.0.20-1/x64
2026-09-30T11:21:55.2318505Z   JAVA_HOME_17_X64: /opt/hostedtoolcache/Java_Temurin-Hotspot_jdk/17.0.20-1/x64
2026-09-30T11:21:55.2319166Z   ANDROID_HOME: /usr/local/lib/android/sdk
2026-09-30T11:21:55.2319701Z   ANDROID_SDK_ROOT: /usr/local/lib/android/sdk
2026-09-30T11:21:55.2320238Z ##[endgroup]
2026-09-30T11:21:55.4412654Z Downloading https://services.gradle.org/distributions/gradle-7.4-bin.zip
2026-09-30T11:21:57.0674606Z ..............................................................................................................
2026-09-30T11:21:57.0679848Z Unzipping /home/runner/.gradle/wrapper/dists/gradle-7.4-bin/c0gwcg53nkjbqw7r0h0umtfvt/gradle-7.4-bin.zip to /home/runner/.gradle/wrapper/dists/gradle-7.4-bin/c0gwcg53nkjbqw7r0h0umtfvt
2026-09-30T11:21:57.6648502Z Set executable permissions for: /home/runner/.gradle/wrapper/dists/gradle-7.4-bin/c0gwcg53nkjbqw7r0h0umtfvt/gradle-7.4/bin/gradle
2026-09-30T11:21:58.0054834Z 
2026-09-30T11:21:58.0055585Z Welcome to Gradle 7.4!
2026-09-30T11:21:58.0056320Z 
2026-09-30T11:21:58.0059364Z Here are the highlights of this release:
2026-09-30T11:21:58.0066220Z  - Aggregated test and JaCoCo reports
2026-09-30T11:21:58.0070089Z  - Marking additional test source directories as tests in IntelliJ
2026-09-30T11:21:58.0070969Z  - Support for Adoptium JDKs in Java toolchains
2026-09-30T11:21:58.0071420Z 
2026-09-30T11:21:58.0093890Z For more details see https://docs.gradle.org/7.4/release-notes.html
2026-09-30T11:21:58.0094525Z 
2026-09-30T11:21:58.1069544Z To honour the JVM settings for this build a single-use Daemon process will be forked. See https://docs.gradle.org/7.4/userguide/gradle_daemon.html#sec:disabling_the_daemon.
2026-09-30T11:21:59.1048929Z Daemon will be stopped at the end of the build 
2026-09-30T11:22:36.2049563Z 
2026-09-30T11:22:36.2050578Z FAILURE: Build failed with an exception.
2026-09-30T11:22:36.2051290Z 
2026-09-30T11:22:36.2051858Z * What went wrong:
2026-09-30T11:22:36.2068014Z A problem occurred configuring root project 'CloudstreamPlugins'.
2026-09-30T11:22:36.2079478Z > Could not resolve all files for configuration ':classpath'.
2026-09-30T11:22:36.2108543Z    > Could not find com.github.recloudstream:gradle:-SNAPSHOT.
2026-09-30T11:22:36.2109290Z      Searched in the following locations:
2026-09-30T11:22:36.2110346Z        - https://dl.google.com/dl/android/maven2/com/github/recloudstream/gradle/-SNAPSHOT/maven-metadata.xml
2026-09-30T11:22:36.2111925Z        - https://dl.google.com/dl/android/maven2/com/github/recloudstream/gradle/-SNAPSHOT/gradle--SNAPSHOT.pom
2026-09-30T11:22:36.2113357Z        - https://repo.maven.apache.org/maven2/com/github/recloudstream/gradle/-SNAPSHOT/maven-metadata.xml
2026-09-30T11:22:36.2115372Z        - https://repo.maven.apache.org/maven2/com/github/recloudstream/gradle/-SNAPSHOT/gradle--SNAPSHOT.pom
2026-09-30T11:22:36.2116631Z        - https://jitpack.io/com/github/recloudstream/gradle/-SNAPSHOT/maven-metadata.xml
2026-09-30T11:22:36.2117994Z        - https://jitpack.io/com/github/recloudstream/gradle/-SNAPSHOT/gradle--32895aedb6-1.pom
2026-09-30T11:22:36.2161851Z      Required by:
2026-09-30T11:22:36.2162392Z          project :
2026-09-30T11:22:36.2162683Z 
2026-09-30T11:22:36.2162896Z * Try:
2026-09-30T11:22:36.2163361Z > Run with --stacktrace option to get the stack trace.
2026-09-30T11:22:36.2164419Z > Run with --info or --debug option to get more log output.
2026-09-30T11:22:36.2164969Z > Run with --scan to get full insights.
2026-09-30T11:22:36.2165186Z 
2026-09-30T11:22:36.2165316Z * Get more help at https://help.gradle.org
2026-09-30T11:22:36.2165586Z 
2026-09-30T11:22:36.2165687Z BUILD FAILED in 40s
2026-09-30T11:22:36.6274517Z ##[error]Process completed with exit code 1.
2026-09-30T11:22:36.6444790Z Post job cleanup.
2026-09-30T11:22:36.7819078Z (node:2699) [DEP0040] DeprecationWarning: The `punycode` module is deprecated. Please use a userland alternative instead.
2026-09-30T11:22:36.7819885Z (Use `node --trace-deprecation ...` to show where the warning was created)
2026-09-30T11:22:36.8025054Z Post job cleanup.
2026-09-30T11:22:36.8938091Z [command]/usr/bin/git version
2026-09-30T11:22:36.8983918Z git version 2.55.0
2026-09-30T11:22:36.9027392Z Temporarily overriding HOME='/home/runner/work/_temp/7a4701a1-02fe-4655-9d9e-c1cb7ac9beb1' before making global git config changes
2026-09-30T11:22:36.9029648Z Adding repository directory to the temporary git global config as a safe directory
2026-09-30T11:22:36.9033324Z [command]/usr/bin/git config --global --add safe.directory /home/runner/work/cs/cs/builds
2026-09-30T11:22:36.9071873Z [command]/usr/bin/git config --local --name-only --get-regexp core\.sshCommand
2026-09-30T11:22:36.9106610Z [command]/usr/bin/git submodule foreach --recursive sh -c "git config --local --name-only --get-regexp 'core\.sshCommand' && git config --local --unset-all 'core.sshCommand' || :"
2026-09-30T11:22:36.9350347Z [command]/usr/bin/git config --local --name-only --get-regexp http\.https\:\/\/github\.com\/\.extraheader
2026-09-30T11:22:36.9401939Z http.https://github.com/.extraheader
2026-09-30T11:22:36.9404057Z [command]/usr/bin/git config --local --unset-all http.https://github.com/.extraheader
2026-09-30T11:22:36.9450854Z [command]/usr/bin/git submodule foreach --recursive sh -c "git config --local --name-only --get-regexp 'http\.https\:\/\/github\.com\/\.extraheader' && git config --local --unset-all 'http.https://github.com/.extraheader' || :"
2026-09-30T11:22:36.9700782Z [command]/usr/bin/git config --local --name-only --get-regexp ^includeIf\.gitdir:
2026-09-30T11:22:36.9745872Z [command]/usr/bin/git submodule foreach --recursive git config --local --show-origin --name-only --get-regexp remote.origin.url
2026-09-30T11:22:37.0189950Z Post job cleanup.
2026-09-30T11:22:37.1178133Z [command]/usr/bin/git version
2026-09-30T11:22:37.1238501Z git version 2.55.0
2026-09-30T11:22:37.1314343Z Temporarily overriding HOME='/home/runner/work/_temp/5cb607ac-3916-4547-9ba1-61cfbb32a428' before making global git config changes
2026-09-30T11:22:37.1315455Z Adding repository directory to the temporary git global config as a safe directory
2026-09-30T11:22:37.1333192Z [command]/usr/bin/git config --global --add safe.directory /home/runner/work/cs/cs/src
2026-09-30T11:22:37.1395626Z [command]/usr/bin/git config --local --name-only --get-regexp core\.sshCommand
2026-09-30T11:22:37.1448557Z [command]/usr/bin/git submodule foreach --recursive sh -c "git config --local --name-only --get-regexp 'core\.sshCommand' && git config --local --unset-all 'core.sshCommand' || :"
2026-09-30T11:22:37.1800821Z [command]/usr/bin/git config --local --name-only --get-regexp http\.https\:\/\/github\.com\/\.extraheader
2026-09-30T11:22:37.1843335Z http.https://github.com/.extraheader
2026-09-30T11:22:37.1861630Z [command]/usr/bin/git config --local --unset-all http.https://github.com/.extraheader
2026-09-30T11:22:37.1913050Z [command]/usr/bin/git submodule foreach --recursive sh -c "git config --local --name-only --get-regexp 'http\.https\:\/\/github\.com\/\.extraheader' && git config --local --unset-all 'http.https://github.com/.extraheader' || :"
2026-09-30T11:22:37.2224929Z [command]/usr/bin/git config --local --name-only --get-regexp ^includeIf\.gitdir:
2026-09-30T11:22:37.2277039Z [command]/usr/bin/git submodule foreach --recursive git config --local --show-origin --name-only --get-regexp remote.origin.url
2026-09-30T11:22:37.2758324Z Cleaning up orphan processes
2026-09-30T11:22:37.3066855Z ##[warning]Node.js 20 is deprecated. The following actions target Node.js 20 but are being forced to run on Node.js 24: actions/checkout@v4, actions/setup-java@v4. For more information see: https://github.blog/changelog/2025-09-19-deprecation-of-node-20-on-github-actions-runners/
