2026-09-30T11:23:56.5994382Z Current runner version: '2.337.0'
2026-09-30T11:23:56.6020652Z ##[group]Runner Image Provisioner
2026-09-30T11:23:56.6021561Z Hosted Compute Agent
2026-09-30T11:23:56.6022323Z Version: 20260828.587
2026-09-30T11:23:56.6022980Z Commit: abac92662cab4cc7352de4f9f9d2e2419aad9c29
2026-09-30T11:23:56.6023780Z Build Date: 2026-08-28T16:44:25Z
2026-09-30T11:23:56.6024476Z Worker ID: {6b76e5eb-9e37-4f55-a93f-4e2f2f3ae924}
2026-09-30T11:23:56.6025174Z Azure Region: eastus
2026-09-30T11:23:56.6025837Z ##[endgroup]
2026-09-30T11:23:56.6027367Z ##[group]Operating System
2026-09-30T11:23:56.6028543Z Ubuntu
2026-09-30T11:23:56.6029102Z 24.04.5
2026-09-30T11:23:56.6029622Z LTS
2026-09-30T11:23:56.6030258Z ##[endgroup]
2026-09-30T11:23:56.6030810Z ##[group]Runner Image
2026-09-30T11:23:56.6031442Z Image: ubuntu-24.04
2026-09-30T11:23:56.6032027Z Version: 20260920.314.1
2026-09-30T11:23:56.6033426Z Included Software: https://github.com/actions/runner-images/blob/ubuntu24/20260920.314/images/ubuntu/Ubuntu2404-Readme.md
2026-09-30T11:23:56.6035028Z Image Release: https://github.com/actions/runner-images/releases/tag/ubuntu24%2F20260920.314
2026-09-30T11:23:56.6036065Z ##[endgroup]
2026-09-30T11:23:56.6039755Z ##[group]GITHUB_TOKEN Permissions
2026-09-30T11:23:56.6043116Z Actions: write
2026-09-30T11:23:56.6043819Z ArtifactMetadata: write
2026-09-30T11:23:56.6044485Z Attestations: write
2026-09-30T11:23:56.6045135Z Checks: write
2026-09-30T11:23:56.6045687Z CodeQuality: write
2026-09-30T11:23:56.6046311Z Contents: write
2026-09-30T11:23:56.6046941Z CopilotRequests: write
2026-09-30T11:23:56.6047920Z Deployments: write
2026-09-30T11:23:56.6048576Z Discussions: write
2026-09-30T11:23:56.6049159Z Drives: write
2026-09-30T11:23:56.6049744Z Issues: write
2026-09-30T11:23:56.6050272Z Metadata: read
2026-09-30T11:23:56.6050898Z Models: read
2026-09-30T11:23:56.6051509Z Packages: write
2026-09-30T11:23:56.6052054Z Pages: write
2026-09-30T11:23:56.6052662Z PullRequests: write
2026-09-30T11:23:56.6053308Z RepositoryProjects: write
2026-09-30T11:23:56.6053914Z SecurityEvents: write
2026-09-30T11:23:56.6054548Z Statuses: write
2026-09-30T11:23:56.6055197Z VulnerabilityAlerts: read
2026-09-30T11:23:56.6055880Z ##[endgroup]
2026-09-30T11:23:56.6058520Z Secret source: Actions
2026-09-30T11:23:56.6059630Z Cache mode: write
2026-09-30T11:23:56.6060417Z Prepare workflow directory
2026-09-30T11:23:56.6395220Z Prepare all required actions
2026-09-30T11:23:56.6443185Z Getting action download info
2026-09-30T11:23:56.8664521Z Download action repository 'actions/checkout@v4' (SHA:11d5960a326750d5838078e36cf38b85af677262)
2026-09-30T11:23:56.9705963Z Download action repository 'actions/setup-java@v4' (SHA:cf277c60eb25467037889841efdb72551f06f6c3)
2026-09-30T11:23:57.3307552Z Complete job name: build
2026-09-30T11:23:57.4089993Z ##[group]Run actions/checkout@v4
2026-09-30T11:23:57.4090875Z with:
2026-09-30T11:23:57.4091281Z   path: src
2026-09-30T11:23:57.4091695Z   repository: MrDarkRed/cs
2026-09-30T11:23:57.4095754Z   token: ***
2026-09-30T11:23:57.4096177Z   ssh-strict: true
2026-09-30T11:23:57.4096635Z   ssh-user: git
2026-09-30T11:23:57.4097075Z   persist-credentials: true
2026-09-30T11:23:57.4097548Z   clean: true
2026-09-30T11:23:57.4098243Z   sparse-checkout-cone-mode: true
2026-09-30T11:23:57.4098762Z   fetch-depth: 1
2026-09-30T11:23:57.4099180Z   fetch-tags: false
2026-09-30T11:23:57.4099618Z   show-progress: true
2026-09-30T11:23:57.4100056Z   lfs: false
2026-09-30T11:23:57.4100461Z   submodules: false
2026-09-30T11:23:57.4100912Z   set-safe-directory: true
2026-09-30T11:23:57.4101412Z   allow-unsafe-pr-checkout: false
2026-09-30T11:23:57.4102193Z ##[endgroup]
2026-09-30T11:23:57.5129246Z Syncing repository: MrDarkRed/cs
2026-09-30T11:23:57.5131507Z ##[group]Getting Git version info
2026-09-30T11:23:57.5132279Z Working directory is '/home/runner/work/cs/cs/src'
2026-09-30T11:23:57.5133781Z [command]/usr/bin/git version
2026-09-30T11:23:57.5219555Z git version 2.55.0
2026-09-30T11:23:57.5247079Z ##[endgroup]
2026-09-30T11:23:57.5264567Z Temporarily overriding HOME='/home/runner/work/_temp/67255e8f-68e2-47e0-880d-fe06e5b2eaf8' before making global git config changes
2026-09-30T11:23:57.5266311Z Adding repository directory to the temporary git global config as a safe directory
2026-09-30T11:23:57.5271351Z [command]/usr/bin/git config --global --add safe.directory /home/runner/work/cs/cs/src
2026-09-30T11:23:57.5320763Z ##[group]Initializing the repository
2026-09-30T11:23:57.5325521Z [command]/usr/bin/git init /home/runner/work/cs/cs/src
2026-09-30T11:23:57.5433498Z hint: Using 'master' as the name for the initial branch. This default branch name
2026-09-30T11:23:57.5435511Z hint: will change to "main" in Git 3.0. To configure the initial branch name
2026-09-30T11:23:57.5437485Z hint: to use in all of your new repositories, which will suppress this warning,
2026-09-30T11:23:57.5439415Z hint: call:
2026-09-30T11:23:57.5440352Z hint:
2026-09-30T11:23:57.5441327Z hint: 	git config --global init.defaultBranch <name>
2026-09-30T11:23:57.5442588Z hint:
2026-09-30T11:23:57.5443691Z hint: Names commonly chosen instead of 'master' are 'main', 'trunk' and
2026-09-30T11:23:57.5445464Z hint: 'development'. The just-created branch can be renamed via this command:
2026-09-30T11:23:57.5446875Z hint:
2026-09-30T11:23:57.5447914Z hint: 	git branch -m <name>
2026-09-30T11:23:57.5448808Z hint:
2026-09-30T11:23:57.5449979Z hint: Disable this message with "git config set advice.defaultBranchName false"
2026-09-30T11:23:57.5451665Z Initialized empty Git repository in /home/runner/work/cs/cs/src/.git/
2026-09-30T11:23:57.5454620Z [command]/usr/bin/git remote add origin https://github.com/MrDarkRed/cs
2026-09-30T11:23:57.5503010Z ##[endgroup]
2026-09-30T11:23:57.5503818Z ##[group]Disabling automatic garbage collection
2026-09-30T11:23:57.5507245Z [command]/usr/bin/git config --local gc.auto 0
2026-09-30T11:23:57.5539677Z ##[endgroup]
2026-09-30T11:23:57.5540427Z ##[group]Setting up auth
2026-09-30T11:23:57.5548047Z [command]/usr/bin/git config --local --name-only --get-regexp core\.sshCommand
2026-09-30T11:23:57.5583045Z [command]/usr/bin/git submodule foreach --recursive sh -c "git config --local --name-only --get-regexp 'core\.sshCommand' && git config --local --unset-all 'core.sshCommand' || :"
2026-09-30T11:23:57.6113048Z [command]/usr/bin/git config --local --name-only --get-regexp http\.https\:\/\/github\.com\/\.extraheader
2026-09-30T11:23:57.6162007Z [command]/usr/bin/git submodule foreach --recursive sh -c "git config --local --name-only --get-regexp 'http\.https\:\/\/github\.com\/\.extraheader' && git config --local --unset-all 'http.https://github.com/.extraheader' || :"
2026-09-30T11:23:57.6495333Z [command]/usr/bin/git config --local --name-only --get-regexp ^includeIf\.gitdir:
2026-09-30T11:23:57.6537120Z [command]/usr/bin/git submodule foreach --recursive git config --local --show-origin --name-only --get-regexp remote.origin.url
2026-09-30T11:23:57.6795775Z [command]/usr/bin/git config --local http.https://github.com/.extraheader AUTHORIZATION: basic ***
2026-09-30T11:23:57.6838792Z ##[endgroup]
2026-09-30T11:23:57.6840067Z ##[group]Fetching the repository
2026-09-30T11:23:57.6849616Z [command]/usr/bin/git -c protocol.version=2 fetch --no-tags --prune --no-recurse-submodules --depth=1 origin +83bf46f96185615f4f1b6d67c4e6be18283ba304:refs/remotes/origin/master
2026-09-30T11:23:58.0001847Z From https://github.com/MrDarkRed/cs
2026-09-30T11:23:58.0004386Z  * [new ref]         83bf46f96185615f4f1b6d67c4e6be18283ba304 -> origin/master
2026-09-30T11:23:58.0010364Z ##[endgroup]
2026-09-30T11:23:58.0012440Z ##[group]Determining the checkout info
2026-09-30T11:23:58.0014630Z ##[endgroup]
2026-09-30T11:23:58.0028863Z [command]/usr/bin/git sparse-checkout disable
2026-09-30T11:23:58.0074874Z [command]/usr/bin/git config --local --unset-all extensions.worktreeConfig
2026-09-30T11:23:58.0114193Z ##[group]Checking out the ref
2026-09-30T11:23:58.0120861Z [command]/usr/bin/git checkout --progress --force -B master refs/remotes/origin/master
2026-09-30T11:23:58.0500254Z Reset branch 'master'
2026-09-30T11:23:58.0509710Z branch 'master' set up to track 'origin/master'.
2026-09-30T11:23:58.0515487Z ##[endgroup]
2026-09-30T11:23:58.0565488Z [command]/usr/bin/git log -1 --format=%H
2026-09-30T11:23:58.0592832Z 83bf46f96185615f4f1b6d67c4e6be18283ba304
2026-09-30T11:23:58.1042278Z ##[group]Run actions/checkout@v4
2026-09-30T11:23:58.1043209Z with:
2026-09-30T11:23:58.1043805Z   ref: builds
2026-09-30T11:23:58.1044438Z   path: builds
2026-09-30T11:23:58.1045127Z   repository: MrDarkRed/cs
2026-09-30T11:23:58.1054884Z   token: ***
2026-09-30T11:23:58.1055559Z   ssh-strict: true
2026-09-30T11:23:58.1056254Z   ssh-user: git
2026-09-30T11:23:58.1056961Z   persist-credentials: true
2026-09-30T11:23:58.1057973Z   clean: true
2026-09-30T11:23:58.1058683Z   sparse-checkout-cone-mode: true
2026-09-30T11:23:58.1059543Z   fetch-depth: 1
2026-09-30T11:23:58.1060206Z   fetch-tags: false
2026-09-30T11:23:58.1060896Z   show-progress: true
2026-09-30T11:23:58.1061600Z   lfs: false
2026-09-30T11:23:58.1062249Z   submodules: false
2026-09-30T11:23:58.1063005Z   set-safe-directory: true
2026-09-30T11:23:58.1063821Z   allow-unsafe-pr-checkout: false
2026-09-30T11:23:58.1064655Z ##[endgroup]
2026-09-30T11:23:58.1927847Z Syncing repository: MrDarkRed/cs
2026-09-30T11:23:58.1945275Z ##[group]Getting Git version info
2026-09-30T11:23:58.1946441Z Working directory is '/home/runner/work/cs/cs/builds'
2026-09-30T11:23:58.1990060Z [command]/usr/bin/git version
2026-09-30T11:23:58.2032713Z git version 2.55.0
2026-09-30T11:23:58.2064706Z ##[endgroup]
2026-09-30T11:23:58.2071559Z Temporarily overriding HOME='/home/runner/work/_temp/9cb111a3-b1aa-40c3-97f3-c9045b9cdc20' before making global git config changes
2026-09-30T11:23:58.2075770Z Adding repository directory to the temporary git global config as a safe directory
2026-09-30T11:23:58.2079251Z [command]/usr/bin/git config --global --add safe.directory /home/runner/work/cs/cs/builds
2026-09-30T11:23:58.2113013Z ##[group]Initializing the repository
2026-09-30T11:23:58.2118461Z [command]/usr/bin/git init /home/runner/work/cs/cs/builds
2026-09-30T11:23:58.2164355Z hint: Using 'master' as the name for the initial branch. This default branch name
2026-09-30T11:23:58.2167224Z hint: will change to "main" in Git 3.0. To configure the initial branch name
2026-09-30T11:23:58.2170408Z hint: to use in all of your new repositories, which will suppress this warning,
2026-09-30T11:23:58.2172202Z hint: call:
2026-09-30T11:23:58.2173479Z hint:
2026-09-30T11:23:58.2175058Z hint: 	git config --global init.defaultBranch <name>
2026-09-30T11:23:58.2176944Z hint:
2026-09-30T11:23:58.2179296Z hint: Names commonly chosen instead of 'master' are 'main', 'trunk' and
2026-09-30T11:23:58.2181734Z hint: 'development'. The just-created branch can be renamed via this command:
2026-09-30T11:23:58.2183767Z hint:
2026-09-30T11:23:58.2185192Z hint: 	git branch -m <name>
2026-09-30T11:23:58.2186760Z hint:
2026-09-30T11:23:58.2191722Z hint: Disable this message with "git config set advice.defaultBranchName false"
2026-09-30T11:23:58.2195508Z Initialized empty Git repository in /home/runner/work/cs/cs/builds/.git/
2026-09-30T11:23:58.2201829Z [command]/usr/bin/git remote add origin https://github.com/MrDarkRed/cs
2026-09-30T11:23:58.2226436Z ##[endgroup]
2026-09-30T11:23:58.2228717Z ##[group]Disabling automatic garbage collection
2026-09-30T11:23:58.2230205Z [command]/usr/bin/git config --local gc.auto 0
2026-09-30T11:23:58.2263602Z ##[endgroup]
2026-09-30T11:23:58.2265681Z ##[group]Setting up auth
2026-09-30T11:23:58.2271000Z [command]/usr/bin/git config --local --name-only --get-regexp core\.sshCommand
2026-09-30T11:23:58.2311215Z [command]/usr/bin/git submodule foreach --recursive sh -c "git config --local --name-only --get-regexp 'core\.sshCommand' && git config --local --unset-all 'core.sshCommand' || :"
2026-09-30T11:23:58.2555032Z [command]/usr/bin/git config --local --name-only --get-regexp http\.https\:\/\/github\.com\/\.extraheader
2026-09-30T11:23:58.2594051Z [command]/usr/bin/git submodule foreach --recursive sh -c "git config --local --name-only --get-regexp 'http\.https\:\/\/github\.com\/\.extraheader' && git config --local --unset-all 'http.https://github.com/.extraheader' || :"
2026-09-30T11:23:58.2859385Z [command]/usr/bin/git config --local --name-only --get-regexp ^includeIf\.gitdir:
2026-09-30T11:23:58.2900141Z [command]/usr/bin/git submodule foreach --recursive git config --local --show-origin --name-only --get-regexp remote.origin.url
2026-09-30T11:23:58.3147220Z [command]/usr/bin/git config --local http.https://github.com/.extraheader AUTHORIZATION: basic ***
2026-09-30T11:23:58.3189173Z ##[endgroup]
2026-09-30T11:23:58.3191097Z ##[group]Fetching the repository
2026-09-30T11:23:58.3200382Z [command]/usr/bin/git -c protocol.version=2 fetch --no-tags --prune --no-recurse-submodules --depth=1 origin +refs/heads/builds*:refs/remotes/origin/builds* +refs/tags/builds*:refs/tags/builds*
2026-09-30T11:23:58.6503055Z From https://github.com/MrDarkRed/cs
2026-09-30T11:23:58.6504185Z  * [new branch]      builds     -> origin/builds
2026-09-30T11:23:58.6507389Z ##[endgroup]
2026-09-30T11:23:58.6508449Z ##[group]Determining the checkout info
2026-09-30T11:23:58.6515912Z [command]/usr/bin/git branch --list --remote origin/builds
2026-09-30T11:23:58.6544804Z   origin/builds
2026-09-30T11:23:58.6553536Z ##[endgroup]
2026-09-30T11:23:58.6559531Z [command]/usr/bin/git sparse-checkout disable
2026-09-30T11:23:58.6604903Z [command]/usr/bin/git config --local --unset-all extensions.worktreeConfig
2026-09-30T11:23:58.6642521Z ##[group]Checking out the ref
2026-09-30T11:23:58.6646301Z [command]/usr/bin/git checkout --progress --force -B builds refs/remotes/origin/builds
2026-09-30T11:23:58.6692126Z Switched to a new branch 'builds'
2026-09-30T11:23:58.6694910Z branch 'builds' set up to track 'origin/builds'.
2026-09-30T11:23:58.6700721Z ##[endgroup]
2026-09-30T11:23:58.6740927Z [command]/usr/bin/git log -1 --format=%H
2026-09-30T11:23:58.6770013Z a89531e6f597283312aa5f5c9cfdc7752fb2cd1b
2026-09-30T11:23:58.6918626Z ##[group]Run rm -f $GITHUB_WORKSPACE/builds/*.cs3 || true
2026-09-30T11:23:58.6919247Z [36;1mrm -f $GITHUB_WORKSPACE/builds/*.cs3 || true[0m
2026-09-30T11:23:58.7222671Z shell: /usr/bin/bash -e {0}
2026-09-30T11:23:58.7223158Z ##[endgroup]
2026-09-30T11:23:58.7488437Z ##[group]Run actions/setup-java@v4
2026-09-30T11:23:58.7488849Z with:
2026-09-30T11:23:58.7489100Z   distribution: temurin
2026-09-30T11:23:58.7489376Z   java-version: 17
2026-09-30T11:23:58.7489637Z   java-package: jdk
2026-09-30T11:23:58.7489908Z   check-latest: false
2026-09-30T11:23:58.7490174Z   server-id: github
2026-09-30T11:23:58.7490439Z   server-username: GITHUB_ACTOR
2026-09-30T11:23:58.7490748Z   server-password: GITHUB_TOKEN
2026-09-30T11:23:58.7491086Z   overwrite-settings: true
2026-09-30T11:23:58.7491406Z   job-status: success
2026-09-30T11:23:58.7494234Z   token: ***
2026-09-30T11:23:58.7494487Z ##[endgroup]
2026-09-30T11:23:58.9170400Z ##[warning]setup-java v4 is deprecated and will no longer receive updates. Please migrate to actions/setup-java@v5.
2026-09-30T11:23:58.9178148Z ##[group]Installed distributions
2026-09-30T11:23:58.9234235Z Resolved Java 17.0.20+1 from tool-cache
2026-09-30T11:23:58.9234920Z Setting Java 17.0.20+1 as the default
2026-09-30T11:23:58.9245904Z (node:2353) [DEP0040] DeprecationWarning: The `punycode` module is deprecated. Please use a userland alternative instead.
2026-09-30T11:23:58.9246816Z (Use `node --trace-deprecation ...` to show where the warning was created)
2026-09-30T11:23:58.9249572Z Creating toolchains.xml for JDK version 17 from temurin
2026-09-30T11:23:58.9325905Z Writing to /home/runner/.m2/toolchains.xml
2026-09-30T11:23:58.9326514Z 
2026-09-30T11:23:58.9326830Z Java configuration:
2026-09-30T11:23:58.9327442Z   Distribution: temurin
2026-09-30T11:23:58.9328292Z   Version: 17.0.20+1
2026-09-30T11:23:58.9329020Z   Path: /opt/hostedtoolcache/Java_Temurin-Hotspot_jdk/17.0.20-1/x64
2026-09-30T11:23:58.9329656Z 
2026-09-30T11:23:58.9330306Z ##[endgroup]
2026-09-30T11:23:58.9347521Z Creating settings.xml with server-id: github
2026-09-30T11:23:58.9379490Z Writing to /home/runner/.m2/settings.xml
2026-09-30T11:23:58.9531595Z ##[group]Run echo "ANDROID_HOME=/usr/local/lib/android/sdk" >> $GITHUB_ENV
2026-09-30T11:23:58.9532257Z [36;1mecho "ANDROID_HOME=/usr/local/lib/android/sdk" >> $GITHUB_ENV[0m
2026-09-30T11:23:58.9532777Z [36;1mecho "ANDROID_SDK_ROOT=/usr/local/lib/android/sdk" >> $GITHUB_ENV[0m
2026-09-30T11:23:58.9607058Z shell: /usr/bin/bash -e {0}
2026-09-30T11:23:58.9607402Z env:
2026-09-30T11:23:58.9608126Z   JAVA_HOME: /opt/hostedtoolcache/Java_Temurin-Hotspot_jdk/17.0.20-1/x64
2026-09-30T11:23:58.9608719Z   JAVA_HOME_17_X64: /opt/hostedtoolcache/Java_Temurin-Hotspot_jdk/17.0.20-1/x64
2026-09-30T11:23:58.9609163Z ##[endgroup]
2026-09-30T11:23:58.9801682Z ##[group]Run cd $GITHUB_WORKSPACE/src
2026-09-30T11:23:58.9802116Z [36;1mcd $GITHUB_WORKSPACE/src[0m
2026-09-30T11:23:58.9802438Z [36;1mchmod +x gradlew[0m
2026-09-30T11:23:58.9802793Z [36;1m./gradlew make makePluginsJson --no-daemon[0m
2026-09-30T11:23:58.9803276Z [36;1mcp **/build/*.cs3 $GITHUB_WORKSPACE/builds 2>/dev/null || true[0m
2026-09-30T11:23:58.9804019Z [36;1mcp build/plugins.json $GITHUB_WORKSPACE/builds 2>/dev/null || cp plugins.json $GITHUB_WORKSPACE/builds 2>/dev/null || true[0m
2026-09-30T11:23:58.9872749Z shell: /usr/bin/bash -e {0}
2026-09-30T11:23:58.9873059Z env:
2026-09-30T11:23:58.9873425Z   JAVA_HOME: /opt/hostedtoolcache/Java_Temurin-Hotspot_jdk/17.0.20-1/x64
2026-09-30T11:23:58.9874003Z   JAVA_HOME_17_X64: /opt/hostedtoolcache/Java_Temurin-Hotspot_jdk/17.0.20-1/x64
2026-09-30T11:23:58.9874462Z   ANDROID_HOME: /usr/local/lib/android/sdk
2026-09-30T11:23:58.9874812Z   ANDROID_SDK_ROOT: /usr/local/lib/android/sdk
2026-09-30T11:23:58.9875172Z ##[endgroup]
2026-09-30T11:23:59.2170750Z Downloading https://services.gradle.org/distributions/gradle-7.4-bin.zip
2026-09-30T11:24:01.1096673Z ..............................................................................................................
2026-09-30T11:24:01.1103080Z Unzipping /home/runner/.gradle/wrapper/dists/gradle-7.4-bin/c0gwcg53nkjbqw7r0h0umtfvt/gradle-7.4-bin.zip to /home/runner/.gradle/wrapper/dists/gradle-7.4-bin/c0gwcg53nkjbqw7r0h0umtfvt
2026-09-30T11:24:01.7196377Z Set executable permissions for: /home/runner/.gradle/wrapper/dists/gradle-7.4-bin/c0gwcg53nkjbqw7r0h0umtfvt/gradle-7.4/bin/gradle
2026-09-30T11:24:02.0673102Z 
2026-09-30T11:24:02.0719908Z Welcome to Gradle 7.4!
2026-09-30T11:24:02.0760442Z 
2026-09-30T11:24:02.0769032Z Here are the highlights of this release:
2026-09-30T11:24:02.0769881Z  - Aggregated test and JaCoCo reports
2026-09-30T11:24:02.0770891Z  - Marking additional test source directories as tests in IntelliJ
2026-09-30T11:24:02.0772039Z  - Support for Adoptium JDKs in Java toolchains
2026-09-30T11:24:02.0772677Z 
2026-09-30T11:24:02.0773241Z For more details see https://docs.gradle.org/7.4/release-notes.html
2026-09-30T11:24:02.0774033Z 
2026-09-30T11:24:02.1689654Z To honour the JVM settings for this build a single-use Daemon process will be forked. See https://docs.gradle.org/7.4/userguide/gradle_daemon.html#sec:disabling_the_daemon.
2026-09-30T11:24:03.0669574Z Daemon will be stopped at the end of the build 
2026-09-30T11:24:31.4744728Z 
2026-09-30T11:24:31.4799919Z FAILURE: Build failed with an exception.
2026-09-30T11:24:31.4828459Z 
2026-09-30T11:24:31.4828977Z * What went wrong:
2026-09-30T11:24:31.4829887Z A problem occurred configuring root project 'CloudstreamPlugins'.
2026-09-30T11:24:31.4830846Z > Could not resolve all files for configuration ':classpath'.
2026-09-30T11:24:31.4831648Z    > Could not resolve com.github.recloudstream:gradle:-32895aedb6-1.
2026-09-30T11:24:31.4832324Z      Required by:
2026-09-30T11:24:31.4832770Z          project :
2026-09-30T11:24:31.4833414Z       > Could not resolve com.github.recloudstream:gradle:-32895aedb6-1.
2026-09-30T11:24:31.4834992Z          > inconsistent module metadata found. Descriptor: com.github.recloudstream:gradle:-SNAPSHOT Errors: bad version: expected='-32895aedb6-1' found='-SNAPSHOT'
2026-09-30T11:24:31.4836694Z 
2026-09-30T11:24:31.4837008Z * Try:
2026-09-30T11:24:31.4837883Z > Run with --stacktrace option to get the stack trace.
2026-09-30T11:24:31.4838764Z > Run with --info or --debug option to get more log output.
2026-09-30T11:24:31.4839546Z > Run with --scan to get full insights.
2026-09-30T11:24:31.4840076Z 
2026-09-30T11:24:31.4840497Z * Get more help at https://help.gradle.org
2026-09-30T11:24:31.4841212Z 
2026-09-30T11:24:31.4841520Z BUILD FAILED in 32s
2026-09-30T11:24:31.8591938Z ##[error]Process completed with exit code 1.
2026-09-30T11:24:31.8737805Z Post job cleanup.
2026-09-30T11:24:32.0127986Z (node:2526) [DEP0040] DeprecationWarning: The `punycode` module is deprecated. Please use a userland alternative instead.
2026-09-30T11:24:32.0129053Z (Use `node --trace-deprecation ...` to show where the warning was created)
2026-09-30T11:24:32.0318394Z Post job cleanup.
2026-09-30T11:24:32.1286697Z [command]/usr/bin/git version
2026-09-30T11:24:32.1340591Z git version 2.55.0
2026-09-30T11:24:32.1396084Z Temporarily overriding HOME='/home/runner/work/_temp/afe644d5-24c0-447c-9f40-6f44ee7162bf' before making global git config changes
2026-09-30T11:24:32.1397786Z Adding repository directory to the temporary git global config as a safe directory
2026-09-30T11:24:32.1402894Z [command]/usr/bin/git config --global --add safe.directory /home/runner/work/cs/cs/builds
2026-09-30T11:24:32.1457212Z [command]/usr/bin/git config --local --name-only --get-regexp core\.sshCommand
2026-09-30T11:24:32.1558946Z [command]/usr/bin/git submodule foreach --recursive sh -c "git config --local --name-only --get-regexp 'core\.sshCommand' && git config --local --unset-all 'core.sshCommand' || :"
2026-09-30T11:24:32.1791865Z [command]/usr/bin/git config --local --name-only --get-regexp http\.https\:\/\/github\.com\/\.extraheader
2026-09-30T11:24:32.1827140Z http.https://github.com/.extraheader
2026-09-30T11:24:32.1842443Z [command]/usr/bin/git config --local --unset-all http.https://github.com/.extraheader
2026-09-30T11:24:32.1878619Z [command]/usr/bin/git submodule foreach --recursive sh -c "git config --local --name-only --get-regexp 'http\.https\:\/\/github\.com\/\.extraheader' && git config --local --unset-all 'http.https://github.com/.extraheader' || :"
2026-09-30T11:24:32.2162018Z [command]/usr/bin/git config --local --name-only --get-regexp ^includeIf\.gitdir:
2026-09-30T11:24:32.2205547Z [command]/usr/bin/git submodule foreach --recursive git config --local --show-origin --name-only --get-regexp remote.origin.url
2026-09-30T11:24:32.2631575Z Post job cleanup.
2026-09-30T11:24:32.3530418Z [command]/usr/bin/git version
2026-09-30T11:24:32.3579643Z git version 2.55.0
2026-09-30T11:24:32.3625565Z Temporarily overriding HOME='/home/runner/work/_temp/e33a6f3f-9c01-408f-acaa-9402dab9d9a9' before making global git config changes
2026-09-30T11:24:32.3626663Z Adding repository directory to the temporary git global config as a safe directory
2026-09-30T11:24:32.3632281Z [command]/usr/bin/git config --global --add safe.directory /home/runner/work/cs/cs/src
2026-09-30T11:24:32.3680625Z [command]/usr/bin/git config --local --name-only --get-regexp core\.sshCommand
2026-09-30T11:24:32.3716706Z [command]/usr/bin/git submodule foreach --recursive sh -c "git config --local --name-only --get-regexp 'core\.sshCommand' && git config --local --unset-all 'core.sshCommand' || :"
2026-09-30T11:24:32.3992838Z [command]/usr/bin/git config --local --name-only --get-regexp http\.https\:\/\/github\.com\/\.extraheader
2026-09-30T11:24:32.4017523Z http.https://github.com/.extraheader
2026-09-30T11:24:32.4030115Z [command]/usr/bin/git config --local --unset-all http.https://github.com/.extraheader
2026-09-30T11:24:32.4067317Z [command]/usr/bin/git submodule foreach --recursive sh -c "git config --local --name-only --get-regexp 'http\.https\:\/\/github\.com\/\.extraheader' && git config --local --unset-all 'http.https://github.com/.extraheader' || :"
2026-09-30T11:24:32.4356866Z [command]/usr/bin/git config --local --name-only --get-regexp ^includeIf\.gitdir:
2026-09-30T11:24:32.4400847Z [command]/usr/bin/git submodule foreach --recursive git config --local --show-origin --name-only --get-regexp remote.origin.url
2026-09-30T11:24:32.4799874Z Cleaning up orphan processes
2026-09-30T11:24:32.5108859Z ##[warning]Node.js 20 is deprecated. The following actions target Node.js 20 but are being forced to run on Node.js 24: actions/checkout@v4, actions/setup-java@v4. For more information see: https://github.blog/changelog/2025-09-19-deprecation-of-node-20-on-github-actions-runners/
