2026-09-30T11:38:37.7819506Z Current runner version: '2.337.0'
2026-09-30T11:38:37.7846387Z ##[group]Runner Image Provisioner
2026-09-30T11:38:37.7847261Z Hosted Compute Agent
2026-09-30T11:38:37.7848000Z Version: 20260828.587
2026-09-30T11:38:37.7848711Z Commit: abac92662cab4cc7352de4f9f9d2e2419aad9c29
2026-09-30T11:38:37.7849475Z Build Date: 2026-08-28T16:44:25Z
2026-09-30T11:38:37.7850263Z Worker ID: {fb600e48-3bad-4116-9e00-5ce7dc3a0f2c}
2026-09-30T11:38:37.7851054Z Azure Region: northcentralus
2026-09-30T11:38:37.7851732Z ##[endgroup]
2026-09-30T11:38:37.7853571Z ##[group]Operating System
2026-09-30T11:38:37.7854244Z Ubuntu
2026-09-30T11:38:37.7854893Z 24.04.5
2026-09-30T11:38:37.7855439Z LTS
2026-09-30T11:38:37.7855967Z ##[endgroup]
2026-09-30T11:38:37.7856697Z ##[group]Runner Image
2026-09-30T11:38:37.7857328Z Image: ubuntu-24.04
2026-09-30T11:38:37.7857971Z Version: 20260920.314.1
2026-09-30T11:38:37.7859282Z Included Software: https://github.com/actions/runner-images/blob/ubuntu24/20260920.314/images/ubuntu/Ubuntu2404-Readme.md
2026-09-30T11:38:37.7860923Z Image Release: https://github.com/actions/runner-images/releases/tag/ubuntu24%2F20260920.314
2026-09-30T11:38:37.7861913Z ##[endgroup]
2026-09-30T11:38:37.7865425Z ##[group]GITHUB_TOKEN Permissions
2026-09-30T11:38:37.7867920Z Actions: write
2026-09-30T11:38:37.7869037Z ArtifactMetadata: write
2026-09-30T11:38:37.7869710Z Attestations: write
2026-09-30T11:38:37.7870343Z Checks: write
2026-09-30T11:38:37.7870938Z CodeQuality: write
2026-09-30T11:38:37.7871551Z Contents: write
2026-09-30T11:38:37.7872228Z CopilotRequests: write
2026-09-30T11:38:37.7872997Z Deployments: write
2026-09-30T11:38:37.7873566Z Discussions: write
2026-09-30T11:38:37.7874220Z Drives: write
2026-09-30T11:38:37.7874787Z Issues: write
2026-09-30T11:38:37.7875416Z Metadata: read
2026-09-30T11:38:37.7876130Z Models: read
2026-09-30T11:38:37.7876678Z Packages: write
2026-09-30T11:38:37.7877329Z Pages: write
2026-09-30T11:38:37.7877903Z PullRequests: write
2026-09-30T11:38:37.7878591Z RepositoryProjects: write
2026-09-30T11:38:37.7879256Z SecurityEvents: write
2026-09-30T11:38:37.7879856Z Statuses: write
2026-09-30T11:38:37.7880500Z VulnerabilityAlerts: read
2026-09-30T11:38:37.7881176Z ##[endgroup]
2026-09-30T11:38:37.7884070Z Secret source: Actions
2026-09-30T11:38:37.7885059Z Cache mode: write
2026-09-30T11:38:37.7886014Z Prepare workflow directory
2026-09-30T11:38:37.8230094Z Prepare all required actions
2026-09-30T11:38:37.8278147Z Getting action download info
2026-09-30T11:38:38.0976351Z Download action repository 'actions/checkout@v4' (SHA:11d5960a326750d5838078e36cf38b85af677262)
2026-09-30T11:38:38.1792731Z Download action repository 'actions/setup-java@v4' (SHA:cf277c60eb25467037889841efdb72551f06f6c3)
2026-09-30T11:38:38.7225787Z Complete job name: build
2026-09-30T11:38:38.7991421Z ##[group]Run actions/checkout@v4
2026-09-30T11:38:38.7992230Z with:
2026-09-30T11:38:38.7992819Z   path: src
2026-09-30T11:38:38.7993255Z   repository: MrDarkRed/cs
2026-09-30T11:38:38.7997176Z   token: ***
2026-09-30T11:38:38.7997643Z   ssh-strict: true
2026-09-30T11:38:38.7998092Z   ssh-user: git
2026-09-30T11:38:38.7998548Z   persist-credentials: true
2026-09-30T11:38:38.7999034Z   clean: true
2026-09-30T11:38:38.7999481Z   sparse-checkout-cone-mode: true
2026-09-30T11:38:38.7999998Z   fetch-depth: 1
2026-09-30T11:38:38.8000431Z   fetch-tags: false
2026-09-30T11:38:38.8000869Z   show-progress: true
2026-09-30T11:38:38.8001308Z   lfs: false
2026-09-30T11:38:38.8001717Z   submodules: false
2026-09-30T11:38:38.8002162Z   set-safe-directory: true
2026-09-30T11:38:38.8002860Z   allow-unsafe-pr-checkout: false
2026-09-30T11:38:38.8003638Z ##[endgroup]
2026-09-30T11:38:38.9018241Z Syncing repository: MrDarkRed/cs
2026-09-30T11:38:38.9020851Z ##[group]Getting Git version info
2026-09-30T11:38:38.9021929Z Working directory is '/home/runner/work/cs/cs/src'
2026-09-30T11:38:38.9023749Z [command]/usr/bin/git version
2026-09-30T11:38:38.9071219Z git version 2.55.0
2026-09-30T11:38:38.9091114Z ##[endgroup]
2026-09-30T11:38:38.9106045Z Temporarily overriding HOME='/home/runner/work/_temp/52db79fc-d9c8-43fe-986a-959c5849b156' before making global git config changes
2026-09-30T11:38:38.9108693Z Adding repository directory to the temporary git global config as a safe directory
2026-09-30T11:38:38.9110567Z [command]/usr/bin/git config --global --add safe.directory /home/runner/work/cs/cs/src
2026-09-30T11:38:38.9177380Z ##[group]Initializing the repository
2026-09-30T11:38:38.9184411Z [command]/usr/bin/git init /home/runner/work/cs/cs/src
2026-09-30T11:38:38.9287070Z hint: Using 'master' as the name for the initial branch. This default branch name
2026-09-30T11:38:38.9288743Z hint: will change to "main" in Git 3.0. To configure the initial branch name
2026-09-30T11:38:38.9290283Z hint: to use in all of your new repositories, which will suppress this warning,
2026-09-30T11:38:38.9291480Z hint: call:
2026-09-30T11:38:38.9292093Z hint:
2026-09-30T11:38:38.9293060Z hint: 	git config --global init.defaultBranch <name>
2026-09-30T11:38:38.9294020Z hint:
2026-09-30T11:38:38.9294926Z hint: Names commonly chosen instead of 'master' are 'main', 'trunk' and
2026-09-30T11:38:38.9296401Z hint: 'development'. The just-created branch can be renamed via this command:
2026-09-30T11:38:38.9297568Z hint:
2026-09-30T11:38:38.9298229Z hint: 	git branch -m <name>
2026-09-30T11:38:38.9298961Z hint:
2026-09-30T11:38:38.9299934Z hint: Disable this message with "git config set advice.defaultBranchName false"
2026-09-30T11:38:38.9306687Z Initialized empty Git repository in /home/runner/work/cs/cs/src/.git/
2026-09-30T11:38:38.9316021Z [command]/usr/bin/git remote add origin https://github.com/MrDarkRed/cs
2026-09-30T11:38:38.9365076Z ##[endgroup]
2026-09-30T11:38:38.9366239Z ##[group]Disabling automatic garbage collection
2026-09-30T11:38:38.9367939Z [command]/usr/bin/git config --local gc.auto 0
2026-09-30T11:38:38.9402157Z ##[endgroup]
2026-09-30T11:38:38.9403538Z ##[group]Setting up auth
2026-09-30T11:38:38.9408109Z [command]/usr/bin/git config --local --name-only --get-regexp core\.sshCommand
2026-09-30T11:38:38.9442192Z [command]/usr/bin/git submodule foreach --recursive sh -c "git config --local --name-only --get-regexp 'core\.sshCommand' && git config --local --unset-all 'core.sshCommand' || :"
2026-09-30T11:38:38.9824145Z [command]/usr/bin/git config --local --name-only --get-regexp http\.https\:\/\/github\.com\/\.extraheader
2026-09-30T11:38:38.9854459Z [command]/usr/bin/git submodule foreach --recursive sh -c "git config --local --name-only --get-regexp 'http\.https\:\/\/github\.com\/\.extraheader' && git config --local --unset-all 'http.https://github.com/.extraheader' || :"
2026-09-30T11:38:39.0107018Z [command]/usr/bin/git config --local --name-only --get-regexp ^includeIf\.gitdir:
2026-09-30T11:38:39.0145746Z [command]/usr/bin/git submodule foreach --recursive git config --local --show-origin --name-only --get-regexp remote.origin.url
2026-09-30T11:38:39.0387404Z [command]/usr/bin/git config --local http.https://github.com/.extraheader AUTHORIZATION: basic ***
2026-09-30T11:38:39.0431319Z ##[endgroup]
2026-09-30T11:38:39.0432709Z ##[group]Fetching the repository
2026-09-30T11:38:39.0442826Z [command]/usr/bin/git -c protocol.version=2 fetch --no-tags --prune --no-recurse-submodules --depth=1 origin +b71312631e7555afa3f014a52464c81e7a329313:refs/remotes/origin/master
2026-09-30T11:38:39.5600389Z From https://github.com/MrDarkRed/cs
2026-09-30T11:38:39.5605313Z  * [new ref]         b71312631e7555afa3f014a52464c81e7a329313 -> origin/master
2026-09-30T11:38:39.5609037Z ##[endgroup]
2026-09-30T11:38:39.5610344Z ##[group]Determining the checkout info
2026-09-30T11:38:39.5611641Z ##[endgroup]
2026-09-30T11:38:39.5613635Z [command]/usr/bin/git sparse-checkout disable
2026-09-30T11:38:39.5666482Z [command]/usr/bin/git config --local --unset-all extensions.worktreeConfig
2026-09-30T11:38:39.5700461Z ##[group]Checking out the ref
2026-09-30T11:38:39.5704552Z [command]/usr/bin/git checkout --progress --force -B master refs/remotes/origin/master
2026-09-30T11:38:39.6102989Z Reset branch 'master'
2026-09-30T11:38:39.6107543Z branch 'master' set up to track 'origin/master'.
2026-09-30T11:38:39.6115227Z ##[endgroup]
2026-09-30T11:38:39.6161874Z [command]/usr/bin/git log -1 --format=%H
2026-09-30T11:38:39.6192162Z b71312631e7555afa3f014a52464c81e7a329313
2026-09-30T11:38:39.6660501Z ##[group]Run actions/checkout@v4
2026-09-30T11:38:39.6661639Z with:
2026-09-30T11:38:39.6662397Z   ref: builds
2026-09-30T11:38:39.6663362Z   path: builds
2026-09-30T11:38:39.6664202Z   repository: MrDarkRed/cs
2026-09-30T11:38:39.6673469Z   token: ***
2026-09-30T11:38:39.6674289Z   ssh-strict: true
2026-09-30T11:38:39.6675133Z   ssh-user: git
2026-09-30T11:38:39.6676007Z   persist-credentials: true
2026-09-30T11:38:39.6676968Z   clean: true
2026-09-30T11:38:39.6677843Z   sparse-checkout-cone-mode: true
2026-09-30T11:38:39.6678895Z   fetch-depth: 1
2026-09-30T11:38:39.6679735Z   fetch-tags: false
2026-09-30T11:38:39.6680599Z   show-progress: true
2026-09-30T11:38:39.6681478Z   lfs: false
2026-09-30T11:38:39.6682287Z   submodules: false
2026-09-30T11:38:39.6683535Z   set-safe-directory: true
2026-09-30T11:38:39.6684558Z   allow-unsafe-pr-checkout: false
2026-09-30T11:38:39.6685595Z ##[endgroup]
2026-09-30T11:38:39.7572945Z Syncing repository: MrDarkRed/cs
2026-09-30T11:38:39.7576153Z ##[group]Getting Git version info
2026-09-30T11:38:39.7578456Z Working directory is '/home/runner/work/cs/cs/builds'
2026-09-30T11:38:39.7616589Z [command]/usr/bin/git version
2026-09-30T11:38:39.7660117Z git version 2.55.0
2026-09-30T11:38:39.7683117Z ##[endgroup]
2026-09-30T11:38:39.7698182Z Temporarily overriding HOME='/home/runner/work/_temp/00411bd8-0be7-4084-b618-e93f7cb12398' before making global git config changes
2026-09-30T11:38:39.7701964Z Adding repository directory to the temporary git global config as a safe directory
2026-09-30T11:38:39.7704803Z [command]/usr/bin/git config --global --add safe.directory /home/runner/work/cs/cs/builds
2026-09-30T11:38:39.7747827Z ##[group]Initializing the repository
2026-09-30T11:38:39.7749877Z [command]/usr/bin/git init /home/runner/work/cs/cs/builds
2026-09-30T11:38:39.7806833Z hint: Using 'master' as the name for the initial branch. This default branch name
2026-09-30T11:38:39.7810221Z hint: will change to "main" in Git 3.0. To configure the initial branch name
2026-09-30T11:38:39.7812895Z hint: to use in all of your new repositories, which will suppress this warning,
2026-09-30T11:38:39.7815553Z hint: call:
2026-09-30T11:38:39.7816882Z hint:
2026-09-30T11:38:39.7818442Z hint: 	git config --global init.defaultBranch <name>
2026-09-30T11:38:39.7820796Z hint:
2026-09-30T11:38:39.7822959Z hint: Names commonly chosen instead of 'master' are 'main', 'trunk' and
2026-09-30T11:38:39.7826052Z hint: 'development'. The just-created branch can be renamed via this command:
2026-09-30T11:38:39.7828529Z hint:
2026-09-30T11:38:39.7829922Z hint: 	git branch -m <name>
2026-09-30T11:38:39.7831945Z hint:
2026-09-30T11:38:39.7834435Z hint: Disable this message with "git config set advice.defaultBranchName false"
2026-09-30T11:38:39.7838204Z Initialized empty Git repository in /home/runner/work/cs/cs/builds/.git/
2026-09-30T11:38:39.7844203Z [command]/usr/bin/git remote add origin https://github.com/MrDarkRed/cs
2026-09-30T11:38:39.7875904Z ##[endgroup]
2026-09-30T11:38:39.7877417Z ##[group]Disabling automatic garbage collection
2026-09-30T11:38:39.7878753Z [command]/usr/bin/git config --local gc.auto 0
2026-09-30T11:38:39.7914667Z ##[endgroup]
2026-09-30T11:38:39.7937273Z ##[group]Setting up auth
2026-09-30T11:38:39.7938818Z [command]/usr/bin/git config --local --name-only --get-regexp core\.sshCommand
2026-09-30T11:38:39.7944254Z [command]/usr/bin/git submodule foreach --recursive sh -c "git config --local --name-only --get-regexp 'core\.sshCommand' && git config --local --unset-all 'core.sshCommand' || :"
2026-09-30T11:38:39.8204442Z [command]/usr/bin/git config --local --name-only --get-regexp http\.https\:\/\/github\.com\/\.extraheader
2026-09-30T11:38:39.8269019Z [command]/usr/bin/git submodule foreach --recursive sh -c "git config --local --name-only --get-regexp 'http\.https\:\/\/github\.com\/\.extraheader' && git config --local --unset-all 'http.https://github.com/.extraheader' || :"
2026-09-30T11:38:39.8643659Z [command]/usr/bin/git config --local --name-only --get-regexp ^includeIf\.gitdir:
2026-09-30T11:38:39.8687231Z [command]/usr/bin/git submodule foreach --recursive git config --local --show-origin --name-only --get-regexp remote.origin.url
2026-09-30T11:38:39.8958936Z [command]/usr/bin/git config --local http.https://github.com/.extraheader AUTHORIZATION: basic ***
2026-09-30T11:38:39.9001125Z ##[endgroup]
2026-09-30T11:38:39.9011144Z ##[group]Fetching the repository
2026-09-30T11:38:39.9015528Z [command]/usr/bin/git -c protocol.version=2 fetch --no-tags --prune --no-recurse-submodules --depth=1 origin +refs/heads/builds*:refs/remotes/origin/builds* +refs/tags/builds*:refs/tags/builds*
2026-09-30T11:38:40.3161808Z From https://github.com/MrDarkRed/cs
2026-09-30T11:38:40.3163520Z  * [new branch]      builds     -> origin/builds
2026-09-30T11:38:40.3166063Z ##[endgroup]
2026-09-30T11:38:40.3166961Z ##[group]Determining the checkout info
2026-09-30T11:38:40.3174203Z [command]/usr/bin/git branch --list --remote origin/builds
2026-09-30T11:38:40.3203866Z   origin/builds
2026-09-30T11:38:40.3213069Z ##[endgroup]
2026-09-30T11:38:40.3214291Z [command]/usr/bin/git sparse-checkout disable
2026-09-30T11:38:40.3260402Z [command]/usr/bin/git config --local --unset-all extensions.worktreeConfig
2026-09-30T11:38:40.3296799Z ##[group]Checking out the ref
2026-09-30T11:38:40.3301093Z [command]/usr/bin/git checkout --progress --force -B builds refs/remotes/origin/builds
2026-09-30T11:38:40.3348619Z Switched to a new branch 'builds'
2026-09-30T11:38:40.3351802Z branch 'builds' set up to track 'origin/builds'.
2026-09-30T11:38:40.3357268Z ##[endgroup]
2026-09-30T11:38:40.3396330Z [command]/usr/bin/git log -1 --format=%H
2026-09-30T11:38:40.3426594Z a89531e6f597283312aa5f5c9cfdc7752fb2cd1b
2026-09-30T11:38:40.3580572Z ##[group]Run rm -f $GITHUB_WORKSPACE/builds/*.cs3 || true
2026-09-30T11:38:40.3581377Z [36;1mrm -f $GITHUB_WORKSPACE/builds/*.cs3 || true[0m
2026-09-30T11:38:40.3840319Z shell: /usr/bin/bash -e {0}
2026-09-30T11:38:40.3840869Z ##[endgroup]
2026-09-30T11:38:40.4110590Z ##[group]Run actions/setup-java@v4
2026-09-30T11:38:40.4111078Z with:
2026-09-30T11:38:40.4111462Z   distribution: temurin
2026-09-30T11:38:40.4111871Z   java-version: 17
2026-09-30T11:38:40.4112267Z   java-package: jdk
2026-09-30T11:38:40.4112942Z   check-latest: false
2026-09-30T11:38:40.4113348Z   server-id: github
2026-09-30T11:38:40.4113760Z   server-username: GITHUB_ACTOR
2026-09-30T11:38:40.4114220Z   server-password: GITHUB_TOKEN
2026-09-30T11:38:40.4114668Z   overwrite-settings: true
2026-09-30T11:38:40.4115091Z   job-status: success
2026-09-30T11:38:40.4117934Z   token: ***
2026-09-30T11:38:40.4118481Z ##[endgroup]
2026-09-30T11:38:40.5779700Z ##[warning]setup-java v4 is deprecated and will no longer receive updates. Please migrate to actions/setup-java@v5.
2026-09-30T11:38:40.5788751Z ##[group]Installed distributions
2026-09-30T11:38:40.6025833Z Resolved Java 17.0.20+1 from tool-cache
2026-09-30T11:38:40.6026722Z Setting Java 17.0.20+1 as the default
2026-09-30T11:38:40.6037053Z (node:2365) [DEP0040] DeprecationWarning: The `punycode` module is deprecated. Please use a userland alternative instead.
2026-09-30T11:38:40.6038681Z (Use `node --trace-deprecation ...` to show where the warning was created)
2026-09-30T11:38:40.6040774Z Creating toolchains.xml for JDK version 17 from temurin
2026-09-30T11:38:40.6111924Z Writing to /home/runner/.m2/toolchains.xml
2026-09-30T11:38:40.6113176Z 
2026-09-30T11:38:40.6113502Z Java configuration:
2026-09-30T11:38:40.6115926Z   Distribution: temurin
2026-09-30T11:38:40.6116639Z   Version: 17.0.20+1
2026-09-30T11:38:40.6117468Z   Path: /opt/hostedtoolcache/Java_Temurin-Hotspot_jdk/17.0.20-1/x64
2026-09-30T11:38:40.6118137Z 
2026-09-30T11:38:40.6118894Z ##[endgroup]
2026-09-30T11:38:40.6137390Z Creating settings.xml with server-id: github
2026-09-30T11:38:40.6172614Z Writing to /home/runner/.m2/settings.xml
2026-09-30T11:38:40.6331689Z ##[group]Run echo "ANDROID_HOME=/usr/local/lib/android/sdk" >> $GITHUB_ENV
2026-09-30T11:38:40.6332996Z [36;1mecho "ANDROID_HOME=/usr/local/lib/android/sdk" >> $GITHUB_ENV[0m
2026-09-30T11:38:40.6333719Z [36;1mecho "ANDROID_SDK_ROOT=/usr/local/lib/android/sdk" >> $GITHUB_ENV[0m
2026-09-30T11:38:40.6414398Z shell: /usr/bin/bash -e {0}
2026-09-30T11:38:40.6415014Z env:
2026-09-30T11:38:40.6415594Z   JAVA_HOME: /opt/hostedtoolcache/Java_Temurin-Hotspot_jdk/17.0.20-1/x64
2026-09-30T11:38:40.6416375Z   JAVA_HOME_17_X64: /opt/hostedtoolcache/Java_Temurin-Hotspot_jdk/17.0.20-1/x64
2026-09-30T11:38:40.6417001Z ##[endgroup]
2026-09-30T11:38:40.6590151Z ##[group]Run cd $GITHUB_WORKSPACE/src
2026-09-30T11:38:40.6590774Z [36;1mcd $GITHUB_WORKSPACE/src[0m
2026-09-30T11:38:40.6591255Z [36;1mchmod +x gradlew[0m
2026-09-30T11:38:40.6591770Z [36;1m./gradlew make makePluginsJson --no-daemon[0m
2026-09-30T11:38:40.6592428Z [36;1mcp **/build/*.cs3 $GITHUB_WORKSPACE/builds 2>/dev/null || true[0m
2026-09-30T11:38:40.6593681Z [36;1mcp build/plugins.json $GITHUB_WORKSPACE/builds 2>/dev/null || cp plugins.json $GITHUB_WORKSPACE/builds 2>/dev/null || true[0m
2026-09-30T11:38:40.6667781Z shell: /usr/bin/bash -e {0}
2026-09-30T11:38:40.6668275Z env:
2026-09-30T11:38:40.6668824Z   JAVA_HOME: /opt/hostedtoolcache/Java_Temurin-Hotspot_jdk/17.0.20-1/x64
2026-09-30T11:38:40.6669600Z   JAVA_HOME_17_X64: /opt/hostedtoolcache/Java_Temurin-Hotspot_jdk/17.0.20-1/x64
2026-09-30T11:38:40.6670242Z   ANDROID_HOME: /usr/local/lib/android/sdk
2026-09-30T11:38:40.6670774Z   ANDROID_SDK_ROOT: /usr/local/lib/android/sdk
2026-09-30T11:38:40.6671313Z ##[endgroup]
2026-09-30T11:38:43.1437545Z Downloading https://services.gradle.org/distributions/gradle-8.12-bin.zip
2026-09-30T11:38:46.2701704Z ..................................................................................................................................
2026-09-30T11:38:46.2707564Z Unzipping /home/runner/.gradle/wrapper/dists/gradle-8.12-bin/cetblhg4pflnnks72fxwobvgv/gradle-8.12-bin.zip to /home/runner/.gradle/wrapper/dists/gradle-8.12-bin/cetblhg4pflnnks72fxwobvgv
2026-09-30T11:38:47.0890236Z Set executable permissions for: /home/runner/.gradle/wrapper/dists/gradle-8.12-bin/cetblhg4pflnnks72fxwobvgv/gradle-8.12/bin/gradle
2026-09-30T11:38:47.8097426Z 
2026-09-30T11:38:47.8099164Z Welcome to Gradle 8.12!
2026-09-30T11:38:47.8099516Z 
2026-09-30T11:38:47.8100611Z Here are the highlights of this release:
2026-09-30T11:38:47.8109598Z  - Enhanced error and warning reporting with the Problems API
2026-09-30T11:38:47.8110537Z  - File-system watching support on Alpine Linux
2026-09-30T11:38:47.8111729Z  - Build and test Swift 6 libraries and apps
2026-09-30T11:38:47.8112406Z 
2026-09-30T11:38:47.8114536Z For more details see https://docs.gradle.org/8.12/release-notes.html
2026-09-30T11:38:47.8115524Z 
2026-09-30T11:38:47.9145631Z To honour the JVM settings for this build a single-use Daemon process will be forked. For more on this, please refer to https://docs.gradle.org/8.12/userguide/gradle_daemon.html#sec:disabling_the_daemon in the Gradle documentation.
2026-09-30T11:38:49.5089720Z Daemon will be stopped at the end of the build 
2026-09-30T11:39:21.7111928Z > Task :buildSrc:checkKotlinGradlePluginConfigurationErrors SKIPPED
2026-09-30T11:39:31.8133800Z > Task :buildSrc:pluginDescriptors
2026-09-30T11:39:31.8134762Z > Task :buildSrc:processResources
2026-09-30T11:39:38.1093860Z 
2026-09-30T11:39:38.1104909Z e: file:///home/runner/work/cs/cs/src/buildSrc/src/main/kotlin/com/lagradost/cloudstream3/gradle/tasks/CompileDexTask.kt:59:17 Cannot access class 'com.android.ide.common.blame.MessageReceiver'. Check your module classpath for missing or conflicting dependencies.
2026-09-30T11:39:38.1112323Z > Task :buildSrc:compileKotlin FAILED
2026-09-30T11:39:38.1113830Z 3 actionable tasks: 3 executed
2026-09-30T11:39:38.1123300Z 
2026-09-30T11:39:38.1123878Z FAILURE: Build failed with an exception.
2026-09-30T11:39:38.1141280Z 
2026-09-30T11:39:38.1160935Z * What went wrong:
2026-09-30T11:39:38.1161709Z Execution failed for task ':buildSrc:compileKotlin'.
2026-09-30T11:39:38.1163408Z > A failure occurred while executing org.jetbrains.kotlin.compilerRunner.GradleCompilerRunnerWithWorkers$GradleKotlinCompilerWorkAction
2026-09-30T11:39:38.1165269Z    > Compilation error. See log for more details
2026-09-30T11:39:38.1193192Z 
2026-09-30T11:39:38.1219352Z * Try:
2026-09-30T11:39:38.1220031Z > Run with --stacktrace option to get the stack trace.
2026-09-30T11:39:38.1220713Z > Run with --info or --debug option to get more log output.
2026-09-30T11:39:38.1221261Z > Run with --scan to get full insights.
2026-09-30T11:39:38.1222132Z > Get more help at https://help.gradle.org.
2026-09-30T11:39:38.1222659Z 
2026-09-30T11:39:38.1222980Z BUILD FAILED in 55s
2026-09-30T11:39:38.5960859Z ##[error]Process completed with exit code 1.
2026-09-30T11:39:38.6069484Z Post job cleanup.
2026-09-30T11:39:38.7534762Z (node:2651) [DEP0040] DeprecationWarning: The `punycode` module is deprecated. Please use a userland alternative instead.
2026-09-30T11:39:38.7536177Z (Use `node --trace-deprecation ...` to show where the warning was created)
2026-09-30T11:39:38.7755849Z Post job cleanup.
2026-09-30T11:39:38.8684462Z [command]/usr/bin/git version
2026-09-30T11:39:38.8723161Z git version 2.55.0
2026-09-30T11:39:38.8764421Z Temporarily overriding HOME='/home/runner/work/_temp/5acdfe54-7155-4be1-a512-9b932520d385' before making global git config changes
2026-09-30T11:39:38.8765683Z Adding repository directory to the temporary git global config as a safe directory
2026-09-30T11:39:38.8770095Z [command]/usr/bin/git config --global --add safe.directory /home/runner/work/cs/cs/builds
2026-09-30T11:39:38.8809561Z [command]/usr/bin/git config --local --name-only --get-regexp core\.sshCommand
2026-09-30T11:39:38.8844737Z [command]/usr/bin/git submodule foreach --recursive sh -c "git config --local --name-only --get-regexp 'core\.sshCommand' && git config --local --unset-all 'core.sshCommand' || :"
2026-09-30T11:39:38.9160364Z [command]/usr/bin/git config --local --name-only --get-regexp http\.https\:\/\/github\.com\/\.extraheader
2026-09-30T11:39:38.9181123Z http.https://github.com/.extraheader
2026-09-30T11:39:38.9224208Z [command]/usr/bin/git config --local --unset-all http.https://github.com/.extraheader
2026-09-30T11:39:38.9250742Z [command]/usr/bin/git submodule foreach --recursive sh -c "git config --local --name-only --get-regexp 'http\.https\:\/\/github\.com\/\.extraheader' && git config --local --unset-all 'http.https://github.com/.extraheader' || :"
2026-09-30T11:39:38.9566741Z [command]/usr/bin/git config --local --name-only --get-regexp ^includeIf\.gitdir:
2026-09-30T11:39:38.9606029Z [command]/usr/bin/git submodule foreach --recursive git config --local --show-origin --name-only --get-regexp remote.origin.url
2026-09-30T11:39:39.0038467Z Post job cleanup.
2026-09-30T11:39:39.0930575Z [command]/usr/bin/git version
2026-09-30T11:39:39.0973282Z git version 2.55.0
2026-09-30T11:39:39.1009485Z Temporarily overriding HOME='/home/runner/work/_temp/848bac8e-d644-43be-b25b-0c5ba796455c' before making global git config changes
2026-09-30T11:39:39.1010811Z Adding repository directory to the temporary git global config as a safe directory
2026-09-30T11:39:39.1015276Z [command]/usr/bin/git config --global --add safe.directory /home/runner/work/cs/cs/src
2026-09-30T11:39:39.1061800Z [command]/usr/bin/git config --local --name-only --get-regexp core\.sshCommand
2026-09-30T11:39:39.1100431Z [command]/usr/bin/git submodule foreach --recursive sh -c "git config --local --name-only --get-regexp 'core\.sshCommand' && git config --local --unset-all 'core.sshCommand' || :"
2026-09-30T11:39:39.1372781Z [command]/usr/bin/git config --local --name-only --get-regexp http\.https\:\/\/github\.com\/\.extraheader
2026-09-30T11:39:39.1398814Z http.https://github.com/.extraheader
2026-09-30T11:39:39.1410194Z [command]/usr/bin/git config --local --unset-all http.https://github.com/.extraheader
2026-09-30T11:39:39.1449097Z [command]/usr/bin/git submodule foreach --recursive sh -c "git config --local --name-only --get-regexp 'http\.https\:\/\/github\.com\/\.extraheader' && git config --local --unset-all 'http.https://github.com/.extraheader' || :"
2026-09-30T11:39:39.1721535Z [command]/usr/bin/git config --local --name-only --get-regexp ^includeIf\.gitdir:
2026-09-30T11:39:39.1764201Z [command]/usr/bin/git submodule foreach --recursive git config --local --show-origin --name-only --get-regexp remote.origin.url
2026-09-30T11:39:39.2187006Z Cleaning up orphan processes
2026-09-30T11:39:39.2521796Z Terminate orphan process: pid (2606) (java)
2026-09-30T11:39:39.2532844Z ##[warning]Node.js 20 is deprecated. The following actions target Node.js 20 but are being forced to run on Node.js 24: actions/checkout@v4, actions/setup-java@v4. For more information see: https://github.blog/changelog/2025-09-19-deprecation-of-node-20-on-github-actions-runners/
