2026-09-30T11:44:00.9842286Z Current runner version: '2.337.0'
2026-09-30T11:44:00.9866460Z ##[group]Runner Image Provisioner
2026-09-30T11:44:00.9867372Z Hosted Compute Agent
2026-09-30T11:44:00.9868006Z Version: 20260901.588
2026-09-30T11:44:00.9868629Z Commit: f88ec8081b781fac6c440065ac7ff9e710ce3d0b
2026-09-30T11:44:00.9869363Z Build Date: 2026-09-01T19:56:44Z
2026-09-30T11:44:00.9870114Z Worker ID: {f8eb4305-affb-4d04-bdeb-89047e8047e5}
2026-09-30T11:44:00.9870814Z Azure Region: westus3
2026-09-30T11:44:00.9871389Z ##[endgroup]
2026-09-30T11:44:00.9873031Z ##[group]Operating System
2026-09-30T11:44:00.9873642Z Ubuntu
2026-09-30T11:44:00.9874196Z 24.04.5
2026-09-30T11:44:00.9874697Z LTS
2026-09-30T11:44:00.9875208Z ##[endgroup]
2026-09-30T11:44:00.9875751Z ##[group]Runner Image
2026-09-30T11:44:00.9876371Z Image: ubuntu-24.04
2026-09-30T11:44:00.9876973Z Version: 20260927.320.1
2026-09-30T11:44:00.9878151Z Included Software: https://github.com/actions/runner-images/blob/ubuntu24/20260927.320/images/ubuntu/Ubuntu2404-Readme.md
2026-09-30T11:44:00.9879751Z Image Release: https://github.com/actions/runner-images/releases/tag/ubuntu24%2F20260927.320
2026-09-30T11:44:00.9880726Z ##[endgroup]
2026-09-30T11:44:00.9884177Z ##[group]GITHUB_TOKEN Permissions
2026-09-30T11:44:00.9887100Z Actions: write
2026-09-30T11:44:00.9887785Z ArtifactMetadata: write
2026-09-30T11:44:00.9888380Z Attestations: write
2026-09-30T11:44:00.9888931Z Checks: write
2026-09-30T11:44:00.9889479Z CodeQuality: write
2026-09-30T11:44:00.9890057Z Contents: write
2026-09-30T11:44:00.9890660Z CopilotRequests: write
2026-09-30T11:44:00.9891228Z Deployments: write
2026-09-30T11:44:00.9891970Z Discussions: write
2026-09-30T11:44:00.9892529Z Drives: write
2026-09-30T11:44:00.9893058Z Issues: write
2026-09-30T11:44:00.9893624Z Metadata: read
2026-09-30T11:44:00.9894227Z Models: read
2026-09-30T11:44:00.9894789Z Packages: write
2026-09-30T11:44:00.9895333Z Pages: write
2026-09-30T11:44:00.9895856Z PullRequests: write
2026-09-30T11:44:00.9896471Z RepositoryProjects: write
2026-09-30T11:44:00.9897074Z SecurityEvents: write
2026-09-30T11:44:00.9897679Z Statuses: write
2026-09-30T11:44:00.9898266Z VulnerabilityAlerts: read
2026-09-30T11:44:00.9898845Z ##[endgroup]
2026-09-30T11:44:00.9900981Z Secret source: Actions
2026-09-30T11:44:00.9902069Z Cache mode: write
2026-09-30T11:44:00.9902770Z Prepare workflow directory
2026-09-30T11:44:01.0218830Z Prepare all required actions
2026-09-30T11:44:01.0270058Z Getting action download info
2026-09-30T11:44:01.3737199Z Download action repository 'actions/checkout@v4' (SHA:11d5960a326750d5838078e36cf38b85af677262)
2026-09-30T11:44:01.4755919Z Download action repository 'actions/setup-java@v4' (SHA:cf277c60eb25467037889841efdb72551f06f6c3)
2026-09-30T11:44:02.6209569Z Complete job name: build
2026-09-30T11:44:02.6949901Z ##[group]Run actions/checkout@v4
2026-09-30T11:44:02.6950902Z with:
2026-09-30T11:44:02.6951455Z   path: src
2026-09-30T11:44:02.6952378Z   repository: MrDarkRed/cs
2026-09-30T11:44:02.6957098Z   token: ***
2026-09-30T11:44:02.6957631Z   ssh-strict: true
2026-09-30T11:44:02.6958273Z   ssh-user: git
2026-09-30T11:44:02.6958843Z   persist-credentials: true
2026-09-30T11:44:02.6959472Z   clean: true
2026-09-30T11:44:02.6960122Z   sparse-checkout-cone-mode: true
2026-09-30T11:44:02.6960772Z   fetch-depth: 1
2026-09-30T11:44:02.6961373Z   fetch-tags: false
2026-09-30T11:44:02.6962094Z   show-progress: true
2026-09-30T11:44:02.6962692Z   lfs: false
2026-09-30T11:44:02.6963282Z   submodules: false
2026-09-30T11:44:02.6963860Z   set-safe-directory: true
2026-09-30T11:44:02.6964550Z   allow-unsafe-pr-checkout: false
2026-09-30T11:44:02.6965405Z ##[endgroup]
2026-09-30T11:44:02.7969782Z Syncing repository: MrDarkRed/cs
2026-09-30T11:44:02.7972377Z ##[group]Getting Git version info
2026-09-30T11:44:02.7973435Z Working directory is '/home/runner/work/cs/cs/src'
2026-09-30T11:44:02.7974762Z [command]/usr/bin/git version
2026-09-30T11:44:02.8022917Z git version 2.55.0
2026-09-30T11:44:02.8042736Z ##[endgroup]
2026-09-30T11:44:02.8055566Z Temporarily overriding HOME='/home/runner/work/_temp/4f2a8731-5b5f-4706-8685-791bfbe36f80' before making global git config changes
2026-09-30T11:44:02.8058814Z Adding repository directory to the temporary git global config as a safe directory
2026-09-30T11:44:02.8061096Z [command]/usr/bin/git config --global --add safe.directory /home/runner/work/cs/cs/src
2026-09-30T11:44:02.8110435Z ##[group]Initializing the repository
2026-09-30T11:44:02.8115940Z [command]/usr/bin/git init /home/runner/work/cs/cs/src
2026-09-30T11:44:02.8205661Z hint: Using 'master' as the name for the initial branch. This default branch name
2026-09-30T11:44:02.8207546Z hint: will change to "main" in Git 3.0. To configure the initial branch name
2026-09-30T11:44:02.8209778Z hint: to use in all of your new repositories, which will suppress this warning,
2026-09-30T11:44:02.8211096Z hint: call:
2026-09-30T11:44:02.8212430Z hint:
2026-09-30T11:44:02.8213457Z hint: 	git config --global init.defaultBranch <name>
2026-09-30T11:44:02.8214392Z hint:
2026-09-30T11:44:02.8215301Z hint: Names commonly chosen instead of 'master' are 'main', 'trunk' and
2026-09-30T11:44:02.8216541Z hint: 'development'. The just-created branch can be renamed via this command:
2026-09-30T11:44:02.8217557Z hint:
2026-09-30T11:44:02.8218213Z hint: 	git branch -m <name>
2026-09-30T11:44:02.8218975Z hint:
2026-09-30T11:44:02.8221163Z hint: Disable this message with "git config set advice.defaultBranchName false"
2026-09-30T11:44:02.8223161Z Initialized empty Git repository in /home/runner/work/cs/cs/src/.git/
2026-09-30T11:44:02.8226532Z [command]/usr/bin/git remote add origin https://github.com/MrDarkRed/cs
2026-09-30T11:44:02.8263571Z ##[endgroup]
2026-09-30T11:44:02.8265054Z ##[group]Disabling automatic garbage collection
2026-09-30T11:44:02.8267569Z [command]/usr/bin/git config --local gc.auto 0
2026-09-30T11:44:02.8309915Z ##[endgroup]
2026-09-30T11:44:02.8311301Z ##[group]Setting up auth
2026-09-30T11:44:02.8313409Z [command]/usr/bin/git config --local --name-only --get-regexp core\.sshCommand
2026-09-30T11:44:02.8355946Z [command]/usr/bin/git submodule foreach --recursive sh -c "git config --local --name-only --get-regexp 'core\.sshCommand' && git config --local --unset-all 'core.sshCommand' || :"
2026-09-30T11:44:02.8850726Z [command]/usr/bin/git config --local --name-only --get-regexp http\.https\:\/\/github\.com\/\.extraheader
2026-09-30T11:44:02.8881467Z [command]/usr/bin/git submodule foreach --recursive sh -c "git config --local --name-only --get-regexp 'http\.https\:\/\/github\.com\/\.extraheader' && git config --local --unset-all 'http.https://github.com/.extraheader' || :"
2026-09-30T11:44:02.9074718Z [command]/usr/bin/git config --local --name-only --get-regexp ^includeIf\.gitdir:
2026-09-30T11:44:02.9105216Z [command]/usr/bin/git submodule foreach --recursive git config --local --show-origin --name-only --get-regexp remote.origin.url
2026-09-30T11:44:02.9288329Z [command]/usr/bin/git config --local http.https://github.com/.extraheader AUTHORIZATION: basic ***
2026-09-30T11:44:02.9323673Z ##[endgroup]
2026-09-30T11:44:02.9324898Z ##[group]Fetching the repository
2026-09-30T11:44:02.9333012Z [command]/usr/bin/git -c protocol.version=2 fetch --no-tags --prune --no-recurse-submodules --depth=1 origin +ea20eac76953932255444b31205d77e288f02cda:refs/remotes/origin/master
2026-09-30T11:44:04.1494291Z From https://github.com/MrDarkRed/cs
2026-09-30T11:44:04.1496725Z  * [new ref]         ea20eac76953932255444b31205d77e288f02cda -> origin/master
2026-09-30T11:44:04.1501928Z ##[endgroup]
2026-09-30T11:44:04.1504075Z ##[group]Determining the checkout info
2026-09-30T11:44:04.1506268Z ##[endgroup]
2026-09-30T11:44:04.1507754Z [command]/usr/bin/git sparse-checkout disable
2026-09-30T11:44:04.1554362Z [command]/usr/bin/git config --local --unset-all extensions.worktreeConfig
2026-09-30T11:44:04.1586317Z ##[group]Checking out the ref
2026-09-30T11:44:04.1589356Z [command]/usr/bin/git checkout --progress --force -B master refs/remotes/origin/master
2026-09-30T11:44:04.1902144Z Reset branch 'master'
2026-09-30T11:44:04.1905600Z branch 'master' set up to track 'origin/master'.
2026-09-30T11:44:04.1911174Z ##[endgroup]
2026-09-30T11:44:04.1947941Z [command]/usr/bin/git log -1 --format=%H
2026-09-30T11:44:04.1971929Z ea20eac76953932255444b31205d77e288f02cda
2026-09-30T11:44:04.2389725Z ##[group]Run actions/checkout@v4
2026-09-30T11:44:04.2391004Z with:
2026-09-30T11:44:04.2392162Z   ref: builds
2026-09-30T11:44:04.2393227Z   path: builds
2026-09-30T11:44:04.2394299Z   repository: MrDarkRed/cs
2026-09-30T11:44:04.2405085Z   token: ***
2026-09-30T11:44:04.2406149Z   ssh-strict: true
2026-09-30T11:44:04.2407266Z   ssh-user: git
2026-09-30T11:44:04.2408334Z   persist-credentials: true
2026-09-30T11:44:04.2409549Z   clean: true
2026-09-30T11:44:04.2410642Z   sparse-checkout-cone-mode: true
2026-09-30T11:44:04.2412001Z   fetch-depth: 1
2026-09-30T11:44:04.2413069Z   fetch-tags: false
2026-09-30T11:44:04.2414163Z   show-progress: true
2026-09-30T11:44:04.2415240Z   lfs: false
2026-09-30T11:44:04.2416279Z   submodules: false
2026-09-30T11:44:04.2417406Z   set-safe-directory: true
2026-09-30T11:44:04.2418642Z   allow-unsafe-pr-checkout: false
2026-09-30T11:44:04.2419892Z ##[endgroup]
2026-09-30T11:44:04.3316334Z Syncing repository: MrDarkRed/cs
2026-09-30T11:44:04.3321297Z ##[group]Getting Git version info
2026-09-30T11:44:04.3323827Z Working directory is '/home/runner/work/cs/cs/builds'
2026-09-30T11:44:04.3360278Z [command]/usr/bin/git version
2026-09-30T11:44:04.3398368Z git version 2.55.0
2026-09-30T11:44:04.3423900Z ##[endgroup]
2026-09-30T11:44:04.3435897Z Temporarily overriding HOME='/home/runner/work/_temp/10ce32bb-33ea-443d-a236-73f4146783be' before making global git config changes
2026-09-30T11:44:04.3440807Z Adding repository directory to the temporary git global config as a safe directory
2026-09-30T11:44:04.3444667Z [command]/usr/bin/git config --global --add safe.directory /home/runner/work/cs/cs/builds
2026-09-30T11:44:04.3484573Z ##[group]Initializing the repository
2026-09-30T11:44:04.3493837Z [command]/usr/bin/git init /home/runner/work/cs/cs/builds
2026-09-30T11:44:04.3536353Z hint: Using 'master' as the name for the initial branch. This default branch name
2026-09-30T11:44:04.3540383Z hint: will change to "main" in Git 3.0. To configure the initial branch name
2026-09-30T11:44:04.3546547Z hint: to use in all of your new repositories, which will suppress this warning,
2026-09-30T11:44:04.3549852Z hint: call:
2026-09-30T11:44:04.3551978Z hint:
2026-09-30T11:44:04.3554016Z hint: 	git config --global init.defaultBranch <name>
2026-09-30T11:44:04.3555914Z hint:
2026-09-30T11:44:04.3558579Z hint: Names commonly chosen instead of 'master' are 'main', 'trunk' and
2026-09-30T11:44:04.3562319Z hint: 'development'. The just-created branch can be renamed via this command:
2026-09-30T11:44:04.3565102Z hint:
2026-09-30T11:44:04.3567344Z hint: 	git branch -m <name>
2026-09-30T11:44:04.3569697Z hint:
2026-09-30T11:44:04.3572580Z hint: Disable this message with "git config set advice.defaultBranchName false"
2026-09-30T11:44:04.3576330Z Initialized empty Git repository in /home/runner/work/cs/cs/builds/.git/
2026-09-30T11:44:04.3582827Z [command]/usr/bin/git remote add origin https://github.com/MrDarkRed/cs
2026-09-30T11:44:04.3598977Z ##[endgroup]
2026-09-30T11:44:04.3602348Z ##[group]Disabling automatic garbage collection
2026-09-30T11:44:04.3605443Z [command]/usr/bin/git config --local gc.auto 0
2026-09-30T11:44:04.3646263Z ##[endgroup]
2026-09-30T11:44:04.3648785Z ##[group]Setting up auth
2026-09-30T11:44:04.3652707Z [command]/usr/bin/git config --local --name-only --get-regexp core\.sshCommand
2026-09-30T11:44:04.3693541Z [command]/usr/bin/git submodule foreach --recursive sh -c "git config --local --name-only --get-regexp 'core\.sshCommand' && git config --local --unset-all 'core.sshCommand' || :"
2026-09-30T11:44:04.3969591Z [command]/usr/bin/git config --local --name-only --get-regexp http\.https\:\/\/github\.com\/\.extraheader
2026-09-30T11:44:04.3998751Z [command]/usr/bin/git submodule foreach --recursive sh -c "git config --local --name-only --get-regexp 'http\.https\:\/\/github\.com\/\.extraheader' && git config --local --unset-all 'http.https://github.com/.extraheader' || :"
2026-09-30T11:44:04.4198991Z [command]/usr/bin/git config --local --name-only --get-regexp ^includeIf\.gitdir:
2026-09-30T11:44:04.4238789Z [command]/usr/bin/git submodule foreach --recursive git config --local --show-origin --name-only --get-regexp remote.origin.url
2026-09-30T11:44:04.4444707Z [command]/usr/bin/git config --local http.https://github.com/.extraheader AUTHORIZATION: basic ***
2026-09-30T11:44:04.4483816Z ##[endgroup]
2026-09-30T11:44:04.4485507Z ##[group]Fetching the repository
2026-09-30T11:44:04.4500556Z [command]/usr/bin/git -c protocol.version=2 fetch --no-tags --prune --no-recurse-submodules --depth=1 origin +refs/heads/builds*:refs/remotes/origin/builds* +refs/tags/builds*:refs/tags/builds*
2026-09-30T11:44:05.0336819Z From https://github.com/MrDarkRed/cs
2026-09-30T11:44:05.0338160Z  * [new branch]      builds     -> origin/builds
2026-09-30T11:44:05.0341213Z ##[endgroup]
2026-09-30T11:44:05.0343308Z ##[group]Determining the checkout info
2026-09-30T11:44:05.0351362Z [command]/usr/bin/git branch --list --remote origin/builds
2026-09-30T11:44:05.0374971Z   origin/builds
2026-09-30T11:44:05.0378094Z ##[endgroup]
2026-09-30T11:44:05.0384251Z [command]/usr/bin/git sparse-checkout disable
2026-09-30T11:44:05.0420586Z [command]/usr/bin/git config --local --unset-all extensions.worktreeConfig
2026-09-30T11:44:05.0448880Z ##[group]Checking out the ref
2026-09-30T11:44:05.0453515Z [command]/usr/bin/git checkout --progress --force -B builds refs/remotes/origin/builds
2026-09-30T11:44:05.0488984Z Switched to a new branch 'builds'
2026-09-30T11:44:05.0490083Z branch 'builds' set up to track 'origin/builds'.
2026-09-30T11:44:05.0493987Z ##[endgroup]
2026-09-30T11:44:05.0524986Z [command]/usr/bin/git log -1 --format=%H
2026-09-30T11:44:05.0546648Z a89531e6f597283312aa5f5c9cfdc7752fb2cd1b
2026-09-30T11:44:05.0672459Z ##[group]Run rm -f $GITHUB_WORKSPACE/builds/*.cs3 || true
2026-09-30T11:44:05.0673085Z [36;1mrm -f $GITHUB_WORKSPACE/builds/*.cs3 || true[0m
2026-09-30T11:44:05.0870256Z shell: /usr/bin/bash -e {0}
2026-09-30T11:44:05.0870766Z ##[endgroup]
2026-09-30T11:44:05.1091738Z ##[group]Run actions/setup-java@v4
2026-09-30T11:44:05.1092236Z with:
2026-09-30T11:44:05.1092557Z   distribution: temurin
2026-09-30T11:44:05.1092898Z   java-version: 17
2026-09-30T11:44:05.1093271Z   java-package: jdk
2026-09-30T11:44:05.1093593Z   check-latest: false
2026-09-30T11:44:05.1093942Z   server-id: github
2026-09-30T11:44:05.1094283Z   server-username: GITHUB_ACTOR
2026-09-30T11:44:05.1094658Z   server-password: GITHUB_TOKEN
2026-09-30T11:44:05.1095064Z   overwrite-settings: true
2026-09-30T11:44:05.1095441Z   job-status: success
2026-09-30T11:44:05.1098378Z   token: ***
2026-09-30T11:44:05.1098693Z ##[endgroup]
2026-09-30T11:44:05.2785142Z ##[warning]setup-java v4 is deprecated and will no longer receive updates. Please migrate to actions/setup-java@v5.
2026-09-30T11:44:05.2791962Z ##[group]Installed distributions
2026-09-30T11:44:05.2826760Z Resolved Java 17.0.20+1 from tool-cache
2026-09-30T11:44:05.2827395Z Setting Java 17.0.20+1 as the default
2026-09-30T11:44:05.2836027Z (node:2188) [DEP0040] DeprecationWarning: The `punycode` module is deprecated. Please use a userland alternative instead.
2026-09-30T11:44:05.2837158Z (Use `node --trace-deprecation ...` to show where the warning was created)
2026-09-30T11:44:05.2838910Z Creating toolchains.xml for JDK version 17 from temurin
2026-09-30T11:44:05.2908038Z Writing to /home/runner/.m2/toolchains.xml
2026-09-30T11:44:05.2908744Z 
2026-09-30T11:44:05.2909063Z Java configuration:
2026-09-30T11:44:05.2909572Z   Distribution: temurin
2026-09-30T11:44:05.2910071Z   Version: 17.0.20+1
2026-09-30T11:44:05.2910530Z   Path: /opt/hostedtoolcache/Java_Temurin-Hotspot_jdk/17.0.20-1/x64
2026-09-30T11:44:05.2910831Z 
2026-09-30T11:44:05.2911216Z ##[endgroup]
2026-09-30T11:44:05.2930468Z Creating settings.xml with server-id: github
2026-09-30T11:44:05.2952179Z Writing to /home/runner/.m2/settings.xml
2026-09-30T11:44:05.3106745Z ##[group]Run echo "ANDROID_HOME=/usr/local/lib/android/sdk" >> $GITHUB_ENV
2026-09-30T11:44:05.3107677Z [36;1mecho "ANDROID_HOME=/usr/local/lib/android/sdk" >> $GITHUB_ENV[0m
2026-09-30T11:44:05.3108454Z [36;1mecho "ANDROID_SDK_ROOT=/usr/local/lib/android/sdk" >> $GITHUB_ENV[0m
2026-09-30T11:44:05.3171421Z shell: /usr/bin/bash -e {0}
2026-09-30T11:44:05.3172187Z env:
2026-09-30T11:44:05.3172797Z   JAVA_HOME: /opt/hostedtoolcache/Java_Temurin-Hotspot_jdk/17.0.20-1/x64
2026-09-30T11:44:05.3173702Z   JAVA_HOME_17_X64: /opt/hostedtoolcache/Java_Temurin-Hotspot_jdk/17.0.20-1/x64
2026-09-30T11:44:05.3174614Z ##[endgroup]
2026-09-30T11:44:05.3434051Z ##[group]Run cd $GITHUB_WORKSPACE/src
2026-09-30T11:44:05.3434482Z [36;1mcd $GITHUB_WORKSPACE/src[0m
2026-09-30T11:44:05.3434833Z [36;1mchmod +x gradlew[0m
2026-09-30T11:44:05.3435260Z [36;1m./gradlew make makePluginsJson --no-daemon[0m
2026-09-30T11:44:05.3435830Z [36;1mcp **/build/*.cs3 $GITHUB_WORKSPACE/builds 2>/dev/null || true[0m
2026-09-30T11:44:05.3436576Z [36;1mcp build/plugins.json $GITHUB_WORKSPACE/builds 2>/dev/null || cp plugins.json $GITHUB_WORKSPACE/builds 2>/dev/null || true[0m
2026-09-30T11:44:05.3481864Z shell: /usr/bin/bash -e {0}
2026-09-30T11:44:05.3482307Z env:
2026-09-30T11:44:05.3482744Z   JAVA_HOME: /opt/hostedtoolcache/Java_Temurin-Hotspot_jdk/17.0.20-1/x64
2026-09-30T11:44:05.3483362Z   JAVA_HOME_17_X64: /opt/hostedtoolcache/Java_Temurin-Hotspot_jdk/17.0.20-1/x64
2026-09-30T11:44:05.3483859Z   ANDROID_HOME: /usr/local/lib/android/sdk
2026-09-30T11:44:05.3484253Z   ANDROID_SDK_ROOT: /usr/local/lib/android/sdk
2026-09-30T11:44:05.3484785Z ##[endgroup]
2026-09-30T11:44:05.5365038Z Downloading https://services.gradle.org/distributions/gradle-8.12-bin.zip
2026-09-30T11:44:07.7863679Z ..................................................................................................................................
2026-09-30T11:44:07.7876185Z Unzipping /home/runner/.gradle/wrapper/dists/gradle-8.12-bin/cetblhg4pflnnks72fxwobvgv/gradle-8.12-bin.zip to /home/runner/.gradle/wrapper/dists/gradle-8.12-bin/cetblhg4pflnnks72fxwobvgv
2026-09-30T11:44:08.6449661Z Set executable permissions for: /home/runner/.gradle/wrapper/dists/gradle-8.12-bin/cetblhg4pflnnks72fxwobvgv/gradle-8.12/bin/gradle
2026-09-30T11:44:09.0649856Z 
2026-09-30T11:44:09.0650650Z Welcome to Gradle 8.12!
2026-09-30T11:44:09.0651179Z 
2026-09-30T11:44:09.0652053Z Here are the highlights of this release:
2026-09-30T11:44:09.0653602Z  - Enhanced error and warning reporting with the Problems API
2026-09-30T11:44:09.0654450Z  - File-system watching support on Alpine Linux
2026-09-30T11:44:09.0655389Z  - Build and test Swift 6 libraries and apps
2026-09-30T11:44:09.0655878Z 
2026-09-30T11:44:09.0678855Z For more details see https://docs.gradle.org/8.12/release-notes.html
2026-09-30T11:44:09.0679334Z 
2026-09-30T11:44:09.1647632Z To honour the JVM settings for this build a single-use Daemon process will be forked. For more on this, please refer to https://docs.gradle.org/8.12/userguide/gradle_daemon.html#sec:disabling_the_daemon in the Gradle documentation.
2026-09-30T11:44:10.5642415Z Daemon will be stopped at the end of the build 
2026-09-30T11:44:44.0664566Z > Task :buildSrc:checkKotlinGradlePluginConfigurationErrors SKIPPED
2026-09-30T11:44:55.7662768Z > Task :buildSrc:pluginDescriptors
2026-09-30T11:44:55.7692569Z > Task :buildSrc:processResources
2026-09-30T11:45:05.4656655Z > Task :buildSrc:compileKotlin
2026-09-30T11:45:05.4659876Z > Task :buildSrc:compileJava NO-SOURCE
2026-09-30T11:45:05.4660465Z > Task :buildSrc:compileGroovy NO-SOURCE
2026-09-30T11:45:05.4661317Z > Task :buildSrc:classes
2026-09-30T11:45:05.4664996Z > Task :buildSrc:jar
2026-09-30T11:45:29.9642426Z 
2026-09-30T11:45:29.9647229Z > Configure project :AnimeciX
2026-09-30T11:45:29.9647955Z Fetching JAR: cloudstream.jar
2026-09-30T11:45:42.6672506Z 
2026-09-30T11:45:42.6673653Z > Task :AnimeciX:checkKotlinGradlePluginConfigurationErrors SKIPPED
2026-09-30T11:45:42.6692930Z > Task :AnimeciX:preBuild UP-TO-DATE
2026-09-30T11:45:42.6702504Z > Task :AnimeciX:preDebugBuild UP-TO-DATE
2026-09-30T11:45:42.7641062Z > Task :AnimeciX:generateDebugResValues
2026-09-30T11:45:42.7641443Z > Task :AnimeciX:generateDebugResources
2026-09-30T11:45:42.7641939Z > Task :AnimeciX:packageDebugResources
2026-09-30T11:45:45.0652110Z > Task :BelgeselX:checkKotlinGradlePluginConfigurationErrors SKIPPED
2026-09-30T11:45:45.0662826Z > Task :BelgeselX:preBuild UP-TO-DATE
2026-09-30T11:45:45.0663554Z > Task :BelgeselX:preDebugBuild UP-TO-DATE
2026-09-30T11:45:45.0664204Z > Task :BelgeselX:generateDebugResValues
2026-09-30T11:45:45.0665233Z > Task :BelgeselX:generateDebugResources
2026-09-30T11:45:45.0665854Z > Task :BelgeselX:packageDebugResources
2026-09-30T11:45:45.0666613Z > Task :CanliTV:checkKotlinGradlePluginConfigurationErrors SKIPPED
2026-09-30T11:45:45.0667356Z > Task :CanliTV:preBuild UP-TO-DATE
2026-09-30T11:45:45.0667913Z > Task :CanliTV:preDebugBuild UP-TO-DATE
2026-09-30T11:45:45.0668521Z > Task :CanliTV:generateDebugResValues
2026-09-30T11:45:45.0669103Z > Task :CanliTV:generateDebugResources
2026-09-30T11:45:45.0669765Z > Task :CanliTV:packageDebugResources
2026-09-30T11:45:45.0670496Z > Task :CizgiMax:checkKotlinGradlePluginConfigurationErrors SKIPPED
2026-09-30T11:45:45.0671209Z > Task :CizgiMax:preBuild UP-TO-DATE
2026-09-30T11:45:45.0671989Z > Task :CizgiMax:preDebugBuild UP-TO-DATE
2026-09-30T11:45:45.0672489Z > Task :CizgiMax:generateDebugResValues
2026-09-30T11:45:45.0672983Z > Task :CizgiMax:generateDebugResources
2026-09-30T11:45:45.0673507Z > Task :BelgeselX:parseDebugLocalResources
2026-09-30T11:45:45.0674112Z > Task :CanliTV:parseDebugLocalResources
2026-09-30T11:45:45.0674653Z > Task :AnimeciX:parseDebugLocalResources
2026-09-30T11:45:45.0675184Z > Task :CizgiMax:packageDebugResources
2026-09-30T11:45:45.1642129Z > Task :CizgiMax:parseDebugLocalResources
2026-09-30T11:45:45.1643203Z > Task :CanliTV:generateDebugRFile
2026-09-30T11:45:45.1654566Z > Task :BelgeselX:generateDebugRFile
2026-09-30T11:45:45.1655252Z > Task :CizgiMax:generateDebugRFile
2026-09-30T11:45:45.1656128Z > Task :AnimeciX:generateDebugRFile
2026-09-30T11:45:54.1693439Z e: file:///home/runner/work/cs/cs/src/AnimeciX/src/main/kotlin/com/keyiflerolsun/AnimeciX.kt:107:18 'var rating: Int?' is deprecated. `rating` is the old scoring system, use score instead.
2026-09-30T11:45:54.1723294Z e: file:///home/runner/work/cs/cs/src/AnimeciX/src/main/kotlin/com/keyiflerolsun/AnimeciX.kt:107:52 'fun String?.toRatingInt(): Int?' is deprecated. toRatingInt() is deprecated. Use new score API instead.
2026-09-30T11:45:54.1724488Z 
2026-09-30T11:45:54.1772318Z e: file:///home/runner/work/cs/cs/src/AnimeciX/src/main/kotlin/com/keyiflerolsun/TauVideoExtractor.kt:25:17 'constructor(source: String, name: String, url: String, referer: String, quality: Int, type: ExtractorLinkType?, headers: Map<String, String> = ..., extractorData: String? = ...): ExtractorLink' is deprecated. Use newExtractorLink.
2026-09-30T11:45:54.1774094Z > Task :AnimeciX:compileDebugKotlin FAILED
2026-09-30T11:45:54.2684238Z e: file:///home/runner/work/cs/cs/src/CizgiMax/src/main/kotlin/com/keyiflerolsun/CizgiDuoExtractor.kt:29:13 'constructor(source: String, name: String, url: String, referer: String, quality: Int, isM3u8: Boolean = ..., headers: Map<String, String> = ..., extractorData: String? = ...): ExtractorLink' is deprecated. Use newExtractorLink.
2026-09-30T11:45:54.2686040Z 
2026-09-30T11:45:54.2693137Z e: file:///home/runner/work/cs/cs/src/CizgiMax/src/main/kotlin/com/keyiflerolsun/CizgiMax.kt:70:83 'fun String?.toRatingInt(): Int?' is deprecated. toRatingInt() is deprecated. Use new score API instead.
2026-09-30T11:45:54.2694523Z > Task :CizgiMax:compileDebugKotlin FAILED
2026-09-30T11:45:54.2741894Z e: file:///home/runner/work/cs/cs/src/CizgiMax/src/main/kotlin/com/keyiflerolsun/CizgiMax.kt:91:18 'var rating: Int?' is deprecated. `rating` is the old scoring system, use score instead.
2026-09-30T11:45:54.2745465Z e: file:///home/runner/work/cs/cs/src/CizgiMax/src/main/kotlin/com/keyiflerolsun/DriveExtractor.kt:32:13 'constructor(source: String, name: String, url: String, referer: String, quality: Int, type: ExtractorLinkType?, headers: Map<String, String> = ..., extractorData: String? = ...): ExtractorLink' is deprecated. Use newExtractorLink.
2026-09-30T11:45:54.2749021Z e: file:///home/runner/work/cs/cs/src/CizgiMax/src/main/kotlin/com/keyiflerolsun/SibNetExtractor.kt:23:13 'constructor(source: String, name: String, url: String, referer: String, quality: Int, type: ExtractorLinkType?, headers: Map<String, String> = ..., extractorData: String? = ...): ExtractorLink' is deprecated. Use newExtractorLink.
2026-09-30T11:45:54.3646195Z e: file:///home/runner/work/cs/cs/src/BelgeselX/src/main/kotlin/com/keyiflerolsun/BelgeselX.kt:152:25 'constructor(source: String, name: String, url: String, referer: String, quality: Int, type: ExtractorLinkType?, headers: Map<String, String> = ..., extractorData: String? = ...): ExtractorLink' is deprecated. Use newExtractorLink.
2026-09-30T11:45:54.3648208Z 
2026-09-30T11:45:54.3648802Z > Task :BelgeselX:compileDebugKotlin FAILED
2026-09-30T11:45:54.3673577Z e: file:///home/runner/work/cs/cs/src/BelgeselX/src/main/kotlin/com/keyiflerolsun/OdnoklassnikiExtractor.kt:25:34 Cannot inline bytecode built with JVM target 11 into bytecode that is being built with JVM target 1.8. Please specify proper '-jvm-target' option.
2026-09-30T11:45:54.3703830Z e: file:///home/runner/work/cs/cs/src/BelgeselX/src/main/kotlin/com/keyiflerolsun/OdnoklassnikiExtractor.kt:43:17 'constructor(source: String, name: String, url: String, referer: String, quality: Int, isM3u8: Boolean = ..., headers: Map<String, String> = ..., extractorData: String? = ...): ExtractorLink' is deprecated. Use newExtractorLink.
2026-09-30T11:45:54.4662262Z 
2026-09-30T11:45:54.4681874Z e: file:///home/runner/work/cs/cs/src/CanliTV/src/main/kotlin/com/keyiflerolsun/CanliTV.kt:125:13 'constructor(source: String, name: String, url: String, referer: String, quality: Int, isM3u8: Boolean = ..., headers: Map<String, String> = ..., extractorData: String? = ...): ExtractorLink' is deprecated. Use newExtractorLink.
2026-09-30T11:45:54.4683689Z > Task :CanliTV:compileDebugKotlin FAILED
2026-09-30T11:45:54.4743405Z e: file:///home/runner/work/cs/cs/src/CanliTV/src/main/kotlin/com/keyiflerolsun/CanliTV.kt:143:20 Cannot inline bytecode built with JVM target 11 into bytecode that is being built with JVM target 1.8. Please specify proper '-jvm-target' option.
2026-09-30T11:45:54.4745016Z 28 actionable tasks: 28 executed
2026-09-30T11:45:54.4771847Z 
2026-09-30T11:45:54.4832471Z FAILURE: Build completed with 4 failures.
2026-09-30T11:45:54.4834401Z 
2026-09-30T11:45:54.4834836Z 1: Task failed with an exception.
2026-09-30T11:45:54.4835355Z -----------
2026-09-30T11:45:54.4835778Z * What went wrong:
2026-09-30T11:45:54.4836324Z Execution failed for task ':AnimeciX:compileDebugKotlin'.
2026-09-30T11:45:54.4837696Z > A failure occurred while executing org.jetbrains.kotlin.compilerRunner.GradleCompilerRunnerWithWorkers$GradleKotlinCompilerWorkAction
2026-09-30T11:45:54.4838935Z    > Compilation error. See log for more details
2026-09-30T11:45:54.4839382Z 
2026-09-30T11:45:54.4839566Z * Try:
2026-09-30T11:45:54.4840018Z > Run with --stacktrace option to get the stack trace.
2026-09-30T11:45:54.4840679Z > Run with --info or --debug option to get more log output.
2026-09-30T11:45:54.4841294Z > Run with --scan to get full insights.
2026-09-30T11:45:54.4842052Z > Get more help at https://help.gradle.org.
2026-09-30T11:45:54.4842603Z ==============================================================================
2026-09-30T11:45:54.4843013Z 
2026-09-30T11:45:54.4843255Z 2: Task failed with an exception.
2026-09-30T11:45:54.4843679Z -----------
2026-09-30T11:45:54.4844029Z * What went wrong:
2026-09-30T11:45:54.4844519Z Execution failed for task ':CizgiMax:compileDebugKotlin'.
2026-09-30T11:45:54.4845678Z > A failure occurred while executing org.jetbrains.kotlin.compilerRunner.GradleCompilerRunnerWithWorkers$GradleKotlinCompilerWorkAction
2026-09-30T11:45:54.4847119Z    > Compilation error. See log for more details
2026-09-30T11:45:54.4847544Z 
2026-09-30T11:45:54.4847721Z * Try:
2026-09-30T11:45:54.4848167Z > Run with --stacktrace option to get the stack trace.
2026-09-30T11:45:54.4848801Z > Run with --info or --debug option to get more log output.
2026-09-30T11:45:54.4849384Z > Run with --scan to get full insights.
2026-09-30T11:45:54.4849908Z > Get more help at https://help.gradle.org.
2026-09-30T11:45:54.4850464Z ==============================================================================
2026-09-30T11:45:54.4850872Z 
2026-09-30T11:45:54.4851238Z 3: Task failed with an exception.
2026-09-30T11:45:54.4851903Z -----------
2026-09-30T11:45:54.4852247Z * What went wrong:
2026-09-30T11:45:54.4854339Z Execution failed for task ':BelgeselX:compileDebugKotlin'.
2026-09-30T11:45:54.4855502Z > A failure occurred while executing org.jetbrains.kotlin.compilerRunner.GradleCompilerRunnerWithWorkers$GradleKotlinCompilerWorkAction
2026-09-30T11:45:54.4856623Z    > Compilation error. See log for more details
2026-09-30T11:45:54.4857054Z 
2026-09-30T11:45:54.4857235Z * Try:
2026-09-30T11:45:54.4857726Z > Run with --stacktrace option to get the stack trace.
2026-09-30T11:45:54.4858403Z > Run with --info or --debug option to get more log output.
2026-09-30T11:45:54.4858981Z > Run with --scan to get full insights.
2026-09-30T11:45:54.4859501Z > Get more help at https://help.gradle.org.
2026-09-30T11:45:54.4859997Z ==============================================================================
2026-09-30T11:45:54.4860362Z 
2026-09-30T11:45:54.4860571Z 4: Task failed with an exception.
2026-09-30T11:45:54.4861008Z -----------
2026-09-30T11:45:54.4861351Z * What went wrong:
2026-09-30T11:45:54.4861991Z Execution failed for task ':CanliTV:compileDebugKotlin'.
2026-09-30T11:45:54.4863329Z > A failure occurred while executing org.jetbrains.kotlin.compilerRunner.GradleCompilerRunnerWithWorkers$GradleKotlinCompilerWorkAction
2026-09-30T11:45:54.4875690Z    > Compilation error. See log for more details
2026-09-30T11:45:54.4876159Z 
2026-09-30T11:45:54.4876343Z * Try:
2026-09-30T11:45:54.4876813Z > Run with --stacktrace option to get the stack trace.
2026-09-30T11:45:54.4877448Z > Run with --info or --debug option to get more log output.
2026-09-30T11:45:54.4878048Z > Run with --scan to get full insights.
2026-09-30T11:45:54.4878592Z > Get more help at https://help.gradle.org.
2026-09-30T11:45:54.4879186Z ==============================================================================
2026-09-30T11:45:54.4879616Z 
2026-09-30T11:45:54.4879818Z BUILD FAILED in 1m 48s
2026-09-30T11:45:55.2135635Z ##[error]Process completed with exit code 1.
2026-09-30T11:45:55.2287551Z Post job cleanup.
2026-09-30T11:45:55.3727997Z (node:2473) [DEP0040] DeprecationWarning: The `punycode` module is deprecated. Please use a userland alternative instead.
2026-09-30T11:45:55.3728684Z (Use `node --trace-deprecation ...` to show where the warning was created)
2026-09-30T11:45:55.3932610Z Post job cleanup.
2026-09-30T11:45:55.4852497Z [command]/usr/bin/git version
2026-09-30T11:45:55.4902486Z git version 2.55.0
2026-09-30T11:45:55.4951158Z Temporarily overriding HOME='/home/runner/work/_temp/9bd2a055-4d6d-4b28-bdbb-e410d7482479' before making global git config changes
2026-09-30T11:45:55.4954791Z Adding repository directory to the temporary git global config as a safe directory
2026-09-30T11:45:55.4957269Z [command]/usr/bin/git config --global --add safe.directory /home/runner/work/cs/cs/builds
2026-09-30T11:45:55.4992964Z [command]/usr/bin/git config --local --name-only --get-regexp core\.sshCommand
2026-09-30T11:45:55.5032816Z [command]/usr/bin/git submodule foreach --recursive sh -c "git config --local --name-only --get-regexp 'core\.sshCommand' && git config --local --unset-all 'core.sshCommand' || :"
2026-09-30T11:45:55.5226424Z [command]/usr/bin/git config --local --name-only --get-regexp http\.https\:\/\/github\.com\/\.extraheader
2026-09-30T11:45:55.5250759Z http.https://github.com/.extraheader
2026-09-30T11:45:55.5261445Z [command]/usr/bin/git config --local --unset-all http.https://github.com/.extraheader
2026-09-30T11:45:55.5304227Z [command]/usr/bin/git submodule foreach --recursive sh -c "git config --local --name-only --get-regexp 'http\.https\:\/\/github\.com\/\.extraheader' && git config --local --unset-all 'http.https://github.com/.extraheader' || :"
2026-09-30T11:45:55.5516744Z [command]/usr/bin/git config --local --name-only --get-regexp ^includeIf\.gitdir:
2026-09-30T11:45:55.5556124Z [command]/usr/bin/git submodule foreach --recursive git config --local --show-origin --name-only --get-regexp remote.origin.url
2026-09-30T11:45:55.5927092Z Post job cleanup.
2026-09-30T11:45:55.6777057Z [command]/usr/bin/git version
2026-09-30T11:45:55.6823237Z git version 2.55.0
2026-09-30T11:45:55.6865031Z Temporarily overriding HOME='/home/runner/work/_temp/d4a290e3-705b-4591-8407-11c3c347fab4' before making global git config changes
2026-09-30T11:45:55.6866437Z Adding repository directory to the temporary git global config as a safe directory
2026-09-30T11:45:55.6870804Z [command]/usr/bin/git config --global --add safe.directory /home/runner/work/cs/cs/src
2026-09-30T11:45:55.6918427Z [command]/usr/bin/git config --local --name-only --get-regexp core\.sshCommand
2026-09-30T11:45:55.6960132Z [command]/usr/bin/git submodule foreach --recursive sh -c "git config --local --name-only --get-regexp 'core\.sshCommand' && git config --local --unset-all 'core.sshCommand' || :"
2026-09-30T11:45:55.7233954Z [command]/usr/bin/git config --local --name-only --get-regexp http\.https\:\/\/github\.com\/\.extraheader
2026-09-30T11:45:55.7265891Z http.https://github.com/.extraheader
2026-09-30T11:45:55.7274509Z [command]/usr/bin/git config --local --unset-all http.https://github.com/.extraheader
2026-09-30T11:45:55.7328366Z [command]/usr/bin/git submodule foreach --recursive sh -c "git config --local --name-only --get-regexp 'http\.https\:\/\/github\.com\/\.extraheader' && git config --local --unset-all 'http.https://github.com/.extraheader' || :"
2026-09-30T11:45:55.7530078Z [command]/usr/bin/git config --local --name-only --get-regexp ^includeIf\.gitdir:
2026-09-30T11:45:55.7564005Z [command]/usr/bin/git submodule foreach --recursive git config --local --show-origin --name-only --get-regexp remote.origin.url
2026-09-30T11:45:55.7899456Z Cleaning up orphan processes
2026-09-30T11:45:55.8189474Z Terminate orphan process: pid (2373) (java)
2026-09-30T11:45:55.8202062Z ##[warning]Node.js 20 is deprecated. The following actions target Node.js 20 but are being forced to run on Node.js 24: actions/checkout@v4, actions/setup-java@v4. For more information see: https://github.blog/changelog/2025-09-19-deprecation-of-node-20-on-github-actions-runners/
